interactions:
- request:
    body: client_id=PLACEHOLDER&grant_type=client_credentials&client_assertion=PLACEHOLDER&client_info=1&client_assertion_type=PLACEHOLDER&scope=https%3A%2F%2Fquantum.microsoft.com%2F.default
    headers:
      Accept:
      - application/json
      Accept-Encoding:
      - gzip, deflate
      Connection:
      - keep-alive
      Content-Length:
      - '181'
      Content-Type:
      - application/x-www-form-urlencoded
      User-Agent:
      - azsdk-python-identity/1.17.1 Python/3.9.19 (Windows-10-10.0.22631-SP0)
      x-client-current-telemetry:
      - 4|730,2|
      x-client-os:
      - win32
      x-client-sku:
      - MSAL.Python
      x-client-ver:
      - 1.29.0
    method: POST
    uri: https://login.microsoftonline.com/00000000-0000-0000-0000-000000000000/oauth2/v2.0/token
  response:
    body:
      string: '{"token_type": "Bearer", "expires_in": 1755298263, "ext_expires_in":
        1755298263, "refresh_in": 31536000, "access_token": "PLACEHOLDER"}'
    headers:
      content-length:
      - '135'
      content-type:
      - application/json; charset=utf-8
    status:
      code: 200
      message: OK
- request:
    body: null
    headers:
      Accept:
      - application/json
      Accept-Encoding:
      - gzip, deflate
      Connection:
      - keep-alive
      User-Agent:
      - testapp-azure-quantum-cirq azsdk-python-quantum/1.2.4 Python/3.9.19 (Windows-10-10.0.22631-SP0)
    method: GET
    uri: https://eastus.quantum.azure.com/subscriptions/00000000-0000-0000-0000-000000000000/resourceGroups/myresourcegroup/providers/Microsoft.Quantum/workspaces/myworkspace/providerStatus?api-version=2022-09-12-preview&test-sequence-id=1
  response:
    body:
      string: '{"value": [{"id": "microsoft-elements", "currentAvailability": "Available",
        "targets": [{"id": "microsoft.dft", "currentAvailability": "Available", "averageQueueTime":
        0, "statusPage": null}]}, {"id": "ionq", "currentAvailability": "Degraded",
        "targets": [{"id": "ionq.qpu", "currentAvailability": "Available", "averageQueueTime":
        1328144, "statusPage": "https://status.ionq.co"}, {"id": "ionq.qpu.aria-1",
        "currentAvailability": "Unavailable", "averageQueueTime": 2214205, "statusPage":
        "https://status.ionq.co"}, {"id": "ionq.qpu.aria-2", "currentAvailability":
        "Available", "averageQueueTime": 1237148, "statusPage": "https://status.ionq.co"},
        {"id": "ionq.simulator", "currentAvailability": "Available", "averageQueueTime":
        997, "statusPage": "https://status.ionq.co"}]}, {"id": "microsoft-qc", "currentAvailability":
        "Available", "targets": [{"id": "microsoft.estimator", "currentAvailability":
        "Available", "averageQueueTime": 0, "statusPage": null}]}, {"id": "pasqal",
        "currentAvailability": "Available", "targets": [{"id": "pasqal.sim.emu-tn",
        "currentAvailability": "Available", "averageQueueTime": 243, "statusPage":
        "https://pasqal.com"}, {"id": "pasqal.qpu.fresnel", "currentAvailability":
        "Available", "averageQueueTime": 104365, "statusPage": "https://pasqal.com"}]},
        {"id": "quantinuum", "currentAvailability": "Available", "targets": [{"id":
        "quantinuum.qpu.h1-1", "currentAvailability": "Available", "averageQueueTime":
        240402, "statusPage": "https://www.quantinuum.com/hardware/h1"}, {"id": "quantinuum.sim.h1-1sc",
        "currentAvailability": "Available", "averageQueueTime": 4, "statusPage": "https://www.quantinuum.com/hardware/h1"},
        {"id": "quantinuum.sim.h1-1e", "currentAvailability": "Available", "averageQueueTime":
        33, "statusPage": "https://www.quantinuum.com/hardware/h1"}, {"id": "quantinuum.qpu.h2-1",
        "currentAvailability": "Available", "averageQueueTime": 10072, "statusPage":
        "https://www.quantinuum.com/hardware/h2"}, {"id": "quantinuum.sim.h2-1sc",
        "currentAvailability": "Available", "averageQueueTime": 2, "statusPage": "https://www.quantinuum.com/hardware/h2"},
        {"id": "quantinuum.sim.h2-1e", "currentAvailability": "Available", "averageQueueTime":
        2467, "statusPage": "https://www.quantinuum.com/hardware/h2"}, {"id": "quantinuum.sim.h1-1sc-preview",
        "currentAvailability": "Available", "averageQueueTime": 4, "statusPage": "https://www.quantinuum.com/hardware/h1"},
        {"id": "quantinuum.sim.h1-1e-preview", "currentAvailability": "Available",
        "averageQueueTime": 33, "statusPage": "https://www.quantinuum.com/hardware/h1"},
        {"id": "quantinuum.sim.h1-2e-preview", "currentAvailability": "Available",
        "averageQueueTime": 1172, "statusPage": "https://www.quantinuum.com/hardware/h1"},
        {"id": "quantinuum.qpu.h1-1-preview", "currentAvailability": "Available",
        "averageQueueTime": 240402, "statusPage": "https://www.quantinuum.com/hardware/h1"}]},
        {"id": "rigetti", "currentAvailability": "Available", "targets": [{"id": "rigetti.sim.qvm",
        "currentAvailability": "Available", "averageQueueTime": 5, "statusPage": "https://rigetti.statuspage.io/"},
        {"id": "rigetti.qpu.ankaa-2", "currentAvailability": "Available", "averageQueueTime":
        5, "statusPage": "https://rigetti.statuspage.io/"}]}, {"id": "qci", "currentAvailability":
        "Degraded", "targets": [{"id": "qci.simulator", "currentAvailability": "Available",
        "averageQueueTime": 1, "statusPage": "https://quantumcircuits.com"}, {"id":
        "qci.machine1", "currentAvailability": "Unavailable", "averageQueueTime":
        1, "statusPage": "https://quantumcircuits.com"}, {"id": "qci.simulator.noisy",
        "currentAvailability": "Available", "averageQueueTime": 0, "statusPage": "https://quantumcircuits.com"}]},
        {"id": "Microsoft.Test", "currentAvailability": "Available", "targets": [{"id":
        "echo-rigetti", "currentAvailability": "Available", "averageQueueTime": 1,
        "statusPage": ""}, {"id": "echo-quantinuum", "currentAvailability": "Available",
        "averageQueueTime": 1, "statusPage": ""}, {"id": "echo-qci", "currentAvailability":
        "Available", "averageQueueTime": 1, "statusPage": ""}, {"id": "echo-ionq",
        "currentAvailability": "Available", "averageQueueTime": 1, "statusPage": ""},
        {"id": "echo-aquarius", "currentAvailability": "Available", "averageQueueTime":
        1, "statusPage": ""}, {"id": "sparse-sim-rigetti", "currentAvailability":
        "Available", "averageQueueTime": 1, "statusPage": ""}, {"id": "sparse-sim-quantinuum",
        "currentAvailability": "Available", "averageQueueTime": 1, "statusPage": ""},
        {"id": "sparse-sim-qci", "currentAvailability": "Available", "averageQueueTime":
        1, "statusPage": ""}, {"id": "sparse-sim-ionq", "currentAvailability": "Available",
        "averageQueueTime": 1, "statusPage": ""}, {"id": "echo-output", "currentAvailability":
        "Available", "averageQueueTime": 1, "statusPage": ""}]}], "nextLink": null}'
    headers:
      connection:
      - keep-alive
      content-length:
      - '4793'
      content-type:
      - application/json; charset=utf-8
      transfer-encoding:
      - chunked
    status:
      code: 200
      message: OK
- request:
    body: 'b''{"id": "00000000-0000-0000-0000-000000000001", "name": "session-00000000-0000-0000-0000-000000000001",
      "providerId": "IonQ", "target": "ionq.simulator", "itemType": "Session"}'''
    headers:
      Accept:
      - application/json
      Accept-Encoding:
      - gzip, deflate
      Connection:
      - keep-alive
      Content-Length:
      - '178'
      Content-Type:
      - application/json
      User-Agent:
      - testapp-azure-quantum-cirq azsdk-python-quantum/1.2.4 Python/3.9.19 (Windows-10-10.0.22631-SP0)
    method: PUT
    uri: https://eastus.quantum.azure.com/subscriptions/00000000-0000-0000-0000-000000000000/resourceGroups/myresourcegroup/providers/Microsoft.Quantum/workspaces/myworkspace/sessions/00000000-0000-0000-0000-000000000001?api-version=2022-09-12-preview&test-sequence-id=1
  response:
    body:
      string: '{"status": "Waiting", "jobFailurePolicy": "Abort", "name": "session-00000000-0000-0000-0000-000000000001",
        "id": "00000000-0000-0000-0000-000000000001", "providerId": "ionq", "target":
        "ionq.simulator", "creationTime": "2024-08-15T22:51:04.8066606Z", "endExecutionTime":
        null, "costEstimate": null, "itemType": "Session"}'
    headers:
      connection:
      - keep-alive
      content-length:
      - '321'
      content-type:
      - application/json; charset=utf-8
      transfer-encoding:
      - chunked
    status:
      code: 200
      message: OK
- request:
    body: client_id=PLACEHOLDER&grant_type=client_credentials&client_assertion=PLACEHOLDER&client_info=1&client_assertion_type=PLACEHOLDER&scope=https%3A%2F%2Fquantum.microsoft.com%2F.default
    headers:
      Accept:
      - application/json
      Accept-Encoding:
      - gzip, deflate
      Connection:
      - keep-alive
      Content-Length:
      - '181'
      Content-Type:
      - application/x-www-form-urlencoded
      User-Agent:
      - azsdk-python-identity/1.17.1 Python/3.9.19 (Windows-10-10.0.22631-SP0)
      x-client-current-telemetry:
      - 4|730,2|
      x-client-os:
      - win32
      x-client-sku:
      - MSAL.Python
      x-client-ver:
      - 1.29.0
    method: POST
    uri: https://login.microsoftonline.com/00000000-0000-0000-0000-000000000000/oauth2/v2.0/token
  response:
    body:
      string: '{"token_type": "Bearer", "expires_in": 1755298264, "ext_expires_in":
        1755298264, "refresh_in": 31536000, "access_token": "PLACEHOLDER"}'
    headers:
      content-length:
      - '135'
      content-type:
      - application/json; charset=utf-8
    status:
      code: 200
      message: OK
- request:
    body: 'b''{"containerName": "job-00000000-0000-0000-0000-000000000002"}'''
    headers:
      Accept:
      - application/json
      Accept-Encoding:
      - gzip, deflate
      Connection:
      - keep-alive
      Content-Length:
      - '64'
      Content-Type:
      - application/json
      User-Agent:
      - azsdk-python-quantum/1.2.4 Python/3.9.19 (Windows-10-10.0.22631-SP0)
    method: POST
    uri: https://eastus.quantum.azure.com/subscriptions/00000000-0000-0000-0000-000000000000/resourceGroups/myresourcegroup/providers/Microsoft.Quantum/workspaces/myworkspace/storage/sasUri?api-version=2022-09-12-preview&test-sequence-id=1
  response:
    body:
      string: '{"sasUri": "https://mystorage.blob.core.windows.net/job-00000000-0000-0000-0000-000000000002?sv=PLACEHOLDER&ss=b&srt=co&spr=https&st=2024-08-15T22%3A51%3A05Z&se=2050-01-01T00%3A00%3A00Z&sp=rwlac&sig=02TiSyHunbPon%2FA1e9M4%2BVQys8ylVtDuyDvzVEY6Tdg%3D"}'
    headers:
      connection:
      - keep-alive
      content-length:
      - '251'
      content-type:
      - application/json; charset=utf-8
      transfer-encoding:
      - chunked
    status:
      code: 200
      message: OK
- request:
    body: null
    headers:
      Accept:
      - application/xml
      Accept-Encoding:
      - gzip, deflate
      Connection:
      - keep-alive
      User-Agent:
      - azsdk-python-storage-blob/12.20.0 Python/3.9.19 (Windows-10-10.0.22631-SP0)
      x-ms-date:
      - Thu, 15 Aug 2024 22:51:05 GMT
      x-ms-version:
      - '2024-05-04'
    method: GET
    uri: https://mystorage.blob.core.windows.net/job-00000000-0000-0000-0000-000000000002?restype=container&sv=PLACEHOLDER&ss=b&srt=co&spr=https&st=2024-08-15T22%3A51%3A05Z&se=2050-01-01T00%3A00%3A00Z&sp=rwlac&sig=02TiSyHunbPon%2FA1e9M4%2BVQys8ylVtDuyDvzVEY6Tdg%3D
  response:
    body:
      string: "\uFEFF<?xml version=\"1.0\" encoding=\"utf-8\"?><Error><Code>ContainerNotFound</Code><Message>The
        specified container does not exist.\nRequestId:d37eace0-801e-0042-5665-effaea000000\nTime:2024-08-15T22:51:06.0332088Z</Message></Error>"
    headers:
      content-length:
      - '223'
      content-type:
      - application/xml
      x-ms-version:
      - '2024-05-04'
    status:
      code: 404
      message: The specified container does not exist.
- request:
    body: null
    headers:
      Accept:
      - application/xml
      Accept-Encoding:
      - gzip, deflate
      Connection:
      - keep-alive
      Content-Length:
      - '0'
      User-Agent:
      - azsdk-python-storage-blob/12.20.0 Python/3.9.19 (Windows-10-10.0.22631-SP0)
      x-ms-date:
      - Thu, 15 Aug 2024 22:51:05 GMT
      x-ms-version:
      - '2024-05-04'
    method: PUT
    uri: https://mystorage.blob.core.windows.net/job-00000000-0000-0000-0000-000000000002?restype=container&sv=PLACEHOLDER&ss=b&srt=co&spr=https&st=2024-08-15T22%3A51%3A05Z&se=2050-01-01T00%3A00%3A00Z&sp=rwlac&sig=02TiSyHunbPon%2FA1e9M4%2BVQys8ylVtDuyDvzVEY6Tdg%3D
  response:
    body:
      string: ''
    headers:
      content-length:
      - '0'
      x-ms-version:
      - '2024-05-04'
    status:
      code: 201
      message: Created
- request:
    body: null
    headers:
      Accept:
      - application/xml
      Accept-Encoding:
      - gzip, deflate
      Connection:
      - keep-alive
      User-Agent:
      - azsdk-python-storage-blob/12.20.0 Python/3.9.19 (Windows-10-10.0.22631-SP0)
      x-ms-date:
      - Thu, 15 Aug 2024 22:51:05 GMT
      x-ms-version:
      - '2024-05-04'
    method: GET
    uri: https://mystorage.blob.core.windows.net/job-00000000-0000-0000-0000-000000000002?restype=container&sv=PLACEHOLDER&ss=b&srt=co&spr=https&st=2024-08-15T22%3A51%3A05Z&se=2050-01-01T00%3A00%3A00Z&sp=rwlac&sig=02TiSyHunbPon%2FA1e9M4%2BVQys8ylVtDuyDvzVEY6Tdg%3D
  response:
    body:
      string: ''
    headers:
      content-length:
      - '0'
      x-ms-lease-state:
      - available
      x-ms-lease-status:
      - unlocked
      x-ms-version:
      - '2024-05-04'
    status:
      code: 200
      message: OK
- request:
    body: 'b''{"gateset": "qis", "qubits": 2, "circuit": [{"gate": "h", "targets":
      [0]}, {"gate": "cnot", "control": 0, "target": 1}]}'''
    headers:
      Accept:
      - application/xml
      Accept-Encoding:
      - gzip, deflate
      Connection:
      - keep-alive
      Content-Length:
      - '123'
      Content-Type:
      - application/octet-stream
      User-Agent:
      - azsdk-python-storage-blob/12.20.0 Python/3.9.19 (Windows-10-10.0.22631-SP0)
      x-ms-blob-type:
      - BlockBlob
      x-ms-date:
      - Thu, 15 Aug 2024 22:51:05 GMT
      x-ms-version:
      - '2024-05-04'
    method: PUT
    uri: https://mystorage.blob.core.windows.net/job-00000000-0000-0000-0000-000000000002/inputData?sv=PLACEHOLDER&ss=b&srt=co&spr=https&st=2024-08-15T22%3A51%3A05Z&se=2050-01-01T00%3A00%3A00Z&sp=rwlac&sig=02TiSyHunbPon%2FA1e9M4%2BVQys8ylVtDuyDvzVEY6Tdg%3D
  response:
    body:
      string: ''
    headers:
      content-length:
      - '0'
      x-ms-version:
      - '2024-05-04'
    status:
      code: 201
      message: Created
- request:
    body: 'b''{"id": "00000000-0000-0000-0000-000000000002", "name": "Job 1", "providerId":
      "IonQ", "target": "ionq.simulator", "itemType": "Job", "sessionId": "00000000-0000-0000-0000-000000000001",
      "containerUri": "https://mystorage.blob.core.windows.net/job-00000000-0000-0000-0000-000000000002?sv=PLACEHOLDER&ss=b&srt=co&spr=https&st=2024-08-15T22%3A51%3A05Z&se=2050-01-01T00%3A00%3A00Z&sp=rwlac&sig=02TiSyHunbPon%2FA1e9M4%2BVQys8ylVtDuyDvzVEY6Tdg%3D",
      "inputDataUri": "https://mystorage.blob.core.windows.net/job-00000000-0000-0000-0000-000000000002/inputData",
      "inputDataFormat": "ionq.circuit.v1", "inputParams": {"shots": 500}, "metadata":
      {"measurement0": "q0\\u001f0\\u001eq1\\u001f1", "qubits": "2"}, "outputDataFormat":
      "ionq.quantum-results.v1"}'''
    headers:
      Accept:
      - application/json
      Accept-Encoding:
      - gzip, deflate
      Connection:
      - keep-alive
      Content-Length:
      - '747'
      Content-Type:
      - application/json
      User-Agent:
      - azsdk-python-quantum/1.2.4 Python/3.9.19 (Windows-10-10.0.22631-SP0)
    method: PUT
    uri: https://eastus.quantum.azure.com/subscriptions/00000000-0000-0000-0000-000000000000/resourceGroups/myresourcegroup/providers/Microsoft.Quantum/workspaces/myworkspace/jobs/00000000-0000-0000-0000-000000000002?api-version=2022-09-12-preview&test-sequence-id=1
  response:
    body:
      string: '{"containerUri": "https://mystorage.blob.core.windows.net/job-00000000-0000-0000-0000-000000000002?sv=PLACEHOLDER&ss=b&srt=co&spr=https&st=2024-08-15T22%3A51%3A05Z&se=2050-01-01T00%3A00%3A00Z&sp=rwlac&sig=PLACEHOLDER&ss=b&srt=co&spr=https&st=2024-08-15T22%3A51%3A05Z&se=2050-01-01T00%3A00%3A00Z&sp=rwlac&sig=02TiSyHunbPon%2FA1e9M4%2BVQys8ylVtDuyDvzVEY6Tdg%3D",
        "beginExecutionTime": null, "cancellationTime": null, "quantumComputingData":
        null, "errorData": null, "isCancelling": false, "tags": [], "name": "Job 1",
        "id": "00000000-0000-0000-0000-000000000002", "providerId": "ionq", "target":
        "ionq.simulator", "creationTime": "2024-08-15T22:51:06.5503338+00:00", "endExecutionTime":
        null, "costEstimate": null, "itemType": "Job"}'
    headers:
      connection:
      - keep-alive
      content-length:
      - '731'
      content-type:
      - application/json; charset=utf-8
      transfer-encoding:
      - chunked
    status:
      code: 200
      message: OK
- request:
    body: client_id=PLACEHOLDER&grant_type=client_credentials&client_assertion=PLACEHOLDER&client_info=1&client_assertion_type=PLACEHOLDER&scope=https%3A%2F%2Fquantum.microsoft.com%2F.default
    headers:
      Accept:
      - application/json
      Accept-Encoding:
      - gzip, deflate
      Connection:
      - keep-alive
      Content-Length:
      - '181'
      Content-Type:
      - application/x-www-form-urlencoded
      User-Agent:
      - azsdk-python-identity/1.17.1 Python/3.9.19 (Windows-10-10.0.22631-SP0)
      x-client-current-telemetry:
      - 4|730,2|
      x-client-os:
      - win32
      x-client-sku:
      - MSAL.Python
      x-client-ver:
      - 1.29.0
    method: POST
    uri: https://login.microsoftonline.com/00000000-0000-0000-0000-000000000000/oauth2/v2.0/token
  response:
    body:
      string: '{"token_type": "Bearer", "expires_in": 1755298266, "ext_expires_in":
        1755298266, "refresh_in": 31536000, "access_token": "PLACEHOLDER"}'
    headers:
      content-length:
      - '135'
      content-type:
      - application/json; charset=utf-8
    status:
      code: 200
      message: OK
- request:
    body: null
    headers:
      Accept:
      - application/json
      Accept-Encoding:
      - gzip, deflate
      Connection:
      - keep-alive
      User-Agent:
      - testapp azsdk-python-quantum/1.2.4 Python/3.9.19 (Windows-10-10.0.22631-SP0)
    method: GET
    uri: https://eastus.quantum.azure.com/subscriptions/00000000-0000-0000-0000-000000000000/resourceGroups/myresourcegroup/providers/Microsoft.Quantum/workspaces/myworkspace/jobs/00000000-0000-0000-0000-000000000002?api-version=2022-09-12-preview&test-sequence-id=1
  response:
    body:
      string: '{"containerUri": "https://mystorage.blob.core.windows.net/job-00000000-0000-0000-0000-000000000002?sv=PLACEHOLDER&st=2024-08-15T22%3A51%3A07Z&se=2050-01-01T00%3A00%3A00Z&sr=c&sp=rcwl&sig=PLACEHOLDER&st=2024-08-15T22%3A51%3A07Z&se=2050-01-01T00%3A00%3A00Z&sr=b&sp=r&rscd=attachment%3B+filename%3DJob%2B1-00000000-0000-0000-0000-000000000002.input.json&sig=PLACEHOLDER&st=2024-08-15T22%3A51%3A07Z&se=2050-01-01T00%3A00%3A00Z&sr=b&sp=r&rscd=attachment%3B+filename%3DJob%2B1-00000000-0000-0000-0000-000000000002.output.json&sig=JzPvjE98dfBT%2BuUv3frMpgQIkCS7MxCxIQWm7N2G00k%3D",
        "beginExecutionTime": null, "cancellationTime": null, "quantumComputingData":
        {"count": 1}, "errorData": null, "isCancelling": false, "tags": [], "name":
        "Job 1", "id": "00000000-0000-0000-0000-000000000002", "providerId": "ionq",
        "target": "ionq.simulator", "creationTime": "2024-08-15T22:51:06.5503338+00:00",
        "endExecutionTime": null, "costEstimate": null, "itemType": "Job"}'
    headers:
      connection:
      - keep-alive
      content-length:
      - '953'
      content-type:
      - application/json; charset=utf-8
      transfer-encoding:
      - chunked
    status:
      code: 200
      message: OK
- request:
    body: 'b''{"containerName": "job-00000000-0000-0000-0000-000000000003"}'''
    headers:
      Accept:
      - application/json
      Accept-Encoding:
      - gzip, deflate
      Connection:
      - keep-alive
      Content-Length:
      - '64'
      Content-Type:
      - application/json
      User-Agent:
      - azsdk-python-quantum/1.2.4 Python/3.9.19 (Windows-10-10.0.22631-SP0)
    method: POST
    uri: https://eastus.quantum.azure.com/subscriptions/00000000-0000-0000-0000-000000000000/resourceGroups/myresourcegroup/providers/Microsoft.Quantum/workspaces/myworkspace/storage/sasUri?api-version=2022-09-12-preview&test-sequence-id=2
  response:
    body:
      string: '{"sasUri": "https://mystorage.blob.core.windows.net/job-00000000-0000-0000-0000-000000000003?sv=PLACEHOLDER&ss=b&srt=co&spr=https&st=2024-08-15T22%3A51%3A07Z&se=2050-01-01T00%3A00%3A00Z&sp=rwlac&sig=K61cZlwybsZoyGi2dK9a2pzfl8VZNC6QIpQ%2FXYz4bYE%3D"}'
    headers:
      connection:
      - keep-alive
      content-length:
      - '249'
      content-type:
      - application/json; charset=utf-8
      transfer-encoding:
      - chunked
    status:
      code: 200
      message: OK
- request:
    body: null
    headers:
      Accept:
      - application/xml
      Accept-Encoding:
      - gzip, deflate
      Connection:
      - keep-alive
      User-Agent:
      - azsdk-python-storage-blob/12.20.0 Python/3.9.19 (Windows-10-10.0.22631-SP0)
      x-ms-date:
      - Thu, 15 Aug 2024 22:51:06 GMT
      x-ms-version:
      - '2024-05-04'
    method: GET
    uri: https://mystorage.blob.core.windows.net/job-00000000-0000-0000-0000-000000000003?restype=container&sv=PLACEHOLDER&ss=b&srt=co&spr=https&st=2024-08-15T22%3A51%3A07Z&se=2050-01-01T00%3A00%3A00Z&sp=rwlac&sig=K61cZlwybsZoyGi2dK9a2pzfl8VZNC6QIpQ%2FXYz4bYE%3D
  response:
    body:
      string: "\uFEFF<?xml version=\"1.0\" encoding=\"utf-8\"?><Error><Code>ContainerNotFound</Code><Message>The
        specified container does not exist.\nRequestId:dcee2e38-401e-003f-1065-ef8bc9000000\nTime:2024-08-15T22:51:07.7133590Z</Message></Error>"
    headers:
      content-length:
      - '223'
      content-type:
      - application/xml
      x-ms-version:
      - '2024-05-04'
    status:
      code: 404
      message: The specified container does not exist.
- request:
    body: null
    headers:
      Accept:
      - application/xml
      Accept-Encoding:
      - gzip, deflate
      Connection:
      - keep-alive
      Content-Length:
      - '0'
      User-Agent:
      - azsdk-python-storage-blob/12.20.0 Python/3.9.19 (Windows-10-10.0.22631-SP0)
      x-ms-date:
      - Thu, 15 Aug 2024 22:51:06 GMT
      x-ms-version:
      - '2024-05-04'
    method: PUT
    uri: https://mystorage.blob.core.windows.net/job-00000000-0000-0000-0000-000000000003?restype=container&sv=PLACEHOLDER&ss=b&srt=co&spr=https&st=2024-08-15T22%3A51%3A07Z&se=2050-01-01T00%3A00%3A00Z&sp=rwlac&sig=K61cZlwybsZoyGi2dK9a2pzfl8VZNC6QIpQ%2FXYz4bYE%3D
  response:
    body:
      string: ''
    headers:
      content-length:
      - '0'
      x-ms-version:
      - '2024-05-04'
    status:
      code: 201
      message: Created
- request:
    body: null
    headers:
      Accept:
      - application/xml
      Accept-Encoding:
      - gzip, deflate
      Connection:
      - keep-alive
      User-Agent:
      - azsdk-python-storage-blob/12.20.0 Python/3.9.19 (Windows-10-10.0.22631-SP0)
      x-ms-date:
      - Thu, 15 Aug 2024 22:51:07 GMT
      x-ms-version:
      - '2024-05-04'
    method: GET
    uri: https://mystorage.blob.core.windows.net/job-00000000-0000-0000-0000-000000000003?restype=container&sv=PLACEHOLDER&ss=b&srt=co&spr=https&st=2024-08-15T22%3A51%3A07Z&se=2050-01-01T00%3A00%3A00Z&sp=rwlac&sig=K61cZlwybsZoyGi2dK9a2pzfl8VZNC6QIpQ%2FXYz4bYE%3D
  response:
    body:
      string: ''
    headers:
      content-length:
      - '0'
      x-ms-lease-state:
      - available
      x-ms-lease-status:
      - unlocked
      x-ms-version:
      - '2024-05-04'
    status:
      code: 200
      message: OK
- request:
    body: 'b''{"gateset": "qis", "qubits": 2, "circuit": [{"gate": "h", "targets":
      [0]}, {"gate": "cnot", "control": 0, "target": 1}]}'''
    headers:
      Accept:
      - application/xml
      Accept-Encoding:
      - gzip, deflate
      Connection:
      - keep-alive
      Content-Length:
      - '123'
      Content-Type:
      - application/octet-stream
      User-Agent:
      - azsdk-python-storage-blob/12.20.0 Python/3.9.19 (Windows-10-10.0.22631-SP0)
      x-ms-blob-type:
      - BlockBlob
      x-ms-date:
      - Thu, 15 Aug 2024 22:51:07 GMT
      x-ms-version:
      - '2024-05-04'
    method: PUT
    uri: https://mystorage.blob.core.windows.net/job-00000000-0000-0000-0000-000000000003/inputData?sv=PLACEHOLDER&ss=b&srt=co&spr=https&st=2024-08-15T22%3A51%3A07Z&se=2050-01-01T00%3A00%3A00Z&sp=rwlac&sig=K61cZlwybsZoyGi2dK9a2pzfl8VZNC6QIpQ%2FXYz4bYE%3D
  response:
    body:
      string: ''
    headers:
      content-length:
      - '0'
      x-ms-version:
      - '2024-05-04'
    status:
      code: 201
      message: Created
- request:
    body: 'b''{"id": "00000000-0000-0000-0000-000000000003", "name": "Job 2", "providerId":
      "IonQ", "target": "ionq.simulator", "itemType": "Job", "sessionId": "00000000-0000-0000-0000-000000000001",
      "containerUri": "https://mystorage.blob.core.windows.net/job-00000000-0000-0000-0000-000000000003?sv=PLACEHOLDER&ss=b&srt=co&spr=https&st=2024-08-15T22%3A51%3A07Z&se=2050-01-01T00%3A00%3A00Z&sp=rwlac&sig=K61cZlwybsZoyGi2dK9a2pzfl8VZNC6QIpQ%2FXYz4bYE%3D",
      "inputDataUri": "https://mystorage.blob.core.windows.net/job-00000000-0000-0000-0000-000000000003/inputData",
      "inputDataFormat": "ionq.circuit.v1", "inputParams": {"shots": 500}, "metadata":
      {"measurement0": "q0\\u001f0\\u001eq1\\u001f1", "qubits": "2"}, "outputDataFormat":
      "ionq.quantum-results.v1"}'''
    headers:
      Accept:
      - application/json
      Accept-Encoding:
      - gzip, deflate
      Connection:
      - keep-alive
      Content-Length:
      - '745'
      Content-Type:
      - application/json
      User-Agent:
      - azsdk-python-quantum/1.2.4 Python/3.9.19 (Windows-10-10.0.22631-SP0)
    method: PUT
    uri: https://eastus.quantum.azure.com/subscriptions/00000000-0000-0000-0000-000000000000/resourceGroups/myresourcegroup/providers/Microsoft.Quantum/workspaces/myworkspace/jobs/00000000-0000-0000-0000-000000000003?api-version=2022-09-12-preview&test-sequence-id=1
  response:
    body:
      string: '{"containerUri": "https://mystorage.blob.core.windows.net/job-00000000-0000-0000-0000-000000000003?sv=PLACEHOLDER&ss=b&srt=co&spr=https&st=2024-08-15T22%3A51%3A07Z&se=2050-01-01T00%3A00%3A00Z&sp=rwlac&sig=PLACEHOLDER&st=2024-08-15T22%3A51%3A08Z&se=2050-01-01T00%3A00%3A00Z&sr=b&sp=rcw&sig=PLACEHOLDER&ss=b&srt=co&spr=https&st=2024-08-15T22%3A51%3A07Z&se=2050-01-01T00%3A00%3A00Z&sp=rwlac&sig=K61cZlwybsZoyGi2dK9a2pzfl8VZNC6QIpQ%2FXYz4bYE%3D",
        "beginExecutionTime": null, "cancellationTime": null, "quantumComputingData":
        null, "errorData": null, "isCancelling": false, "tags": [], "name": "Job 2",
        "id": "00000000-0000-0000-0000-000000000003", "providerId": "ionq", "target":
        "ionq.simulator", "creationTime": "2024-08-15T22:51:08.3300393+00:00", "endExecutionTime":
        null, "costEstimate": null, "itemType": "Job"}'
    headers:
      connection:
      - keep-alive
      content-length:
      - '813'
      content-type:
      - application/json; charset=utf-8
      transfer-encoding:
      - chunked
    status:
      code: 200
      message: OK
- request:
    body: null
    headers:
      Accept:
      - application/json
      Accept-Encoding:
      - gzip, deflate
      Connection:
      - keep-alive
      User-Agent:
      - testapp azsdk-python-quantum/1.2.4 Python/3.9.19 (Windows-10-10.0.22631-SP0)
    method: GET
    uri: https://eastus.quantum.azure.com/subscriptions/00000000-0000-0000-0000-000000000000/resourceGroups/myresourcegroup/providers/Microsoft.Quantum/workspaces/myworkspace/jobs/00000000-0000-0000-0000-000000000002?api-version=2022-09-12-preview&test-sequence-id=2
  response:
    body:
      string: '{"containerUri": "https://mystorage.blob.core.windows.net/job-00000000-0000-0000-0000-000000000002?sv=PLACEHOLDER&st=2024-08-15T22%3A51%3A08Z&se=2050-01-01T00%3A00%3A00Z&sr=c&sp=rcwl&sig=PLACEHOLDER&st=2024-08-15T22%3A51%3A08Z&se=2050-01-01T00%3A00%3A00Z&sr=b&sp=r&rscd=attachment%3B+filename%3DJob%2B1-00000000-0000-0000-0000-000000000002.input.json&sig=PLACEHOLDER&st=2024-08-15T22%3A51%3A08Z&se=2050-01-01T00%3A00%3A00Z&sr=b&sp=r&rscd=attachment%3B+filename%3DJob%2B1-00000000-0000-0000-0000-000000000002.output.json&sig=VE58FtdbX9QqVLCIME6GkSCUNuZzoP74rCPjZurn1qw%3D",
        "beginExecutionTime": null, "cancellationTime": null, "quantumComputingData":
        {"count": 1}, "errorData": null, "isCancelling": false, "tags": [], "name":
        "Job 1", "id": "00000000-0000-0000-0000-000000000002", "providerId": "ionq",
        "target": "ionq.simulator", "creationTime": "2024-08-15T22:51:06.5503338+00:00",
        "endExecutionTime": null, "costEstimate": null, "itemType": "Job"}'
    headers:
      connection:
      - keep-alive
      content-length:
      - '951'
      content-type:
      - application/json; charset=utf-8
      transfer-encoding:
      - chunked
    status:
      code: 200
      message: OK
- request:
    body: null
    headers:
      Accept:
      - application/json
      Accept-Encoding:
      - gzip, deflate
      Connection:
      - keep-alive
      User-Agent:
      - testapp azsdk-python-quantum/1.2.4 Python/3.9.19 (Windows-10-10.0.22631-SP0)
    method: GET
    uri: https://eastus.quantum.azure.com/subscriptions/00000000-0000-0000-0000-000000000000/resourceGroups/myresourcegroup/providers/Microsoft.Quantum/workspaces/myworkspace/jobs/00000000-0000-0000-0000-000000000002?api-version=2022-09-12-preview&test-sequence-id=3
  response:
    body:
      string: '{"containerUri": "https://mystorage.blob.core.windows.net/job-00000000-0000-0000-0000-000000000002?sv=PLACEHOLDER&st=2024-08-15T22%3A51%3A08Z&se=2050-01-01T00%3A00%3A00Z&sr=c&sp=rcwl&sig=PLACEHOLDER&st=2024-08-15T22%3A51%3A08Z&se=2050-01-01T00%3A00%3A00Z&sr=b&sp=r&rscd=attachment%3B+filename%3DJob%2B1-00000000-0000-0000-0000-000000000002.input.json&sig=PLACEHOLDER&st=2024-08-15T22%3A51%3A08Z&se=2050-01-01T00%3A00%3A00Z&sr=b&sp=r&rscd=attachment%3B+filename%3DJob%2B1-00000000-0000-0000-0000-000000000002.output.json&sig=VE58FtdbX9QqVLCIME6GkSCUNuZzoP74rCPjZurn1qw%3D",
        "beginExecutionTime": null, "cancellationTime": null, "quantumComputingData":
        {"count": 1}, "errorData": null, "isCancelling": false, "tags": [], "name":
        "Job 1", "id": "00000000-0000-0000-0000-000000000002", "providerId": "ionq",
        "target": "ionq.simulator", "creationTime": "2024-08-15T22:51:06.5503338+00:00",
        "endExecutionTime": null, "costEstimate": null, "itemType": "Job"}'
    headers:
      connection:
      - keep-alive
      content-length:
      - '951'
      content-type:
      - application/json; charset=utf-8
      transfer-encoding:
      - chunked
    status:
      code: 200
      message: OK
- request:
    body: null
    headers:
      Accept:
      - application/json
      Accept-Encoding:
      - gzip, deflate
      Connection:
      - keep-alive
      User-Agent:
      - testapp azsdk-python-quantum/1.2.4 Python/3.9.19 (Windows-10-10.0.22631-SP0)
    method: GET
    uri: https://eastus.quantum.azure.com/subscriptions/00000000-0000-0000-0000-000000000000/resourceGroups/myresourcegroup/providers/Microsoft.Quantum/workspaces/myworkspace/jobs/00000000-0000-0000-0000-000000000002?api-version=2022-09-12-preview&test-sequence-id=4
  response:
    body:
      string: '{"containerUri": "https://mystorage.blob.core.windows.net/job-00000000-0000-0000-0000-000000000002?sv=PLACEHOLDER&st=2024-08-15T22%3A51%3A09Z&se=2050-01-01T00%3A00%3A00Z&sr=c&sp=rcwl&sig=PLACEHOLDER&st=2024-08-15T22%3A51%3A09Z&se=2050-01-01T00%3A00%3A00Z&sr=b&sp=r&rscd=attachment%3B+filename%3DJob%2B1-00000000-0000-0000-0000-000000000002.input.json&sig=PLACEHOLDER&st=2024-08-15T22%3A51%3A09Z&se=2050-01-01T00%3A00%3A00Z&sr=b&sp=r&rscd=attachment%3B+filename%3DJob%2B1-00000000-0000-0000-0000-000000000002.output.json&sig=plCzV5J9p8axa5KtO5G%2BT3O6vLqGynvb%2BunU8VNK%2F08%3D",
        "beginExecutionTime": null, "cancellationTime": null, "quantumComputingData":
        {"count": 1}, "errorData": null, "isCancelling": false, "tags": [], "name":
        "Job 1", "id": "00000000-0000-0000-0000-000000000002", "providerId": "ionq",
        "target": "ionq.simulator", "creationTime": "2024-08-15T22:51:06.5503338+00:00",
        "endExecutionTime": null, "costEstimate": null, "itemType": "Job"}'
    headers:
      connection:
      - keep-alive
      content-length:
      - '957'
      content-type:
      - application/json; charset=utf-8
      transfer-encoding:
      - chunked
    status:
      code: 200
      message: OK
- request:
    body: null
    headers:
      Accept:
      - application/json
      Accept-Encoding:
      - gzip, deflate
      Connection:
      - keep-alive
      User-Agent:
      - testapp azsdk-python-quantum/1.2.4 Python/3.9.19 (Windows-10-10.0.22631-SP0)
    method: GET
    uri: https://eastus.quantum.azure.com/subscriptions/00000000-0000-0000-0000-000000000000/resourceGroups/myresourcegroup/providers/Microsoft.Quantum/workspaces/myworkspace/jobs/00000000-0000-0000-0000-000000000002?api-version=2022-09-12-preview&test-sequence-id=5
  response:
    body:
      string: '{"containerUri": "https://mystorage.blob.core.windows.net/job-00000000-0000-0000-0000-000000000002?sv=PLACEHOLDER&st=2024-08-15T22%3A51%3A09Z&se=2050-01-01T00%3A00%3A00Z&sr=c&sp=rcwl&sig=PLACEHOLDER&st=2024-08-15T22%3A51%3A09Z&se=2050-01-01T00%3A00%3A00Z&sr=b&sp=r&rscd=attachment%3B+filename%3DJob%2B1-00000000-0000-0000-0000-000000000002.input.json&sig=PLACEHOLDER&st=2024-08-15T22%3A51%3A09Z&se=2050-01-01T00%3A00%3A00Z&sr=b&sp=r&rscd=attachment%3B+filename%3DJob%2B1-00000000-0000-0000-0000-000000000002.output.json&sig=plCzV5J9p8axa5KtO5G%2BT3O6vLqGynvb%2BunU8VNK%2F08%3D",
        "beginExecutionTime": null, "cancellationTime": null, "quantumComputingData":
        {"count": 1}, "errorData": null, "isCancelling": false, "tags": [], "name":
        "Job 1", "id": "00000000-0000-0000-0000-000000000002", "providerId": "ionq",
        "target": "ionq.simulator", "creationTime": "2024-08-15T22:51:06.5503338+00:00",
        "endExecutionTime": null, "costEstimate": null, "itemType": "Job"}'
    headers:
      connection:
      - keep-alive
      content-length:
      - '957'
      content-type:
      - application/json; charset=utf-8
      transfer-encoding:
      - chunked
    status:
      code: 200
      message: OK
- request:
    body: null
    headers:
      Accept:
      - application/json
      Accept-Encoding:
      - gzip, deflate
      Connection:
      - keep-alive
      User-Agent:
      - testapp azsdk-python-quantum/1.2.4 Python/3.9.19 (Windows-10-10.0.22631-SP0)
    method: GET
    uri: https://eastus.quantum.azure.com/subscriptions/00000000-0000-0000-0000-000000000000/resourceGroups/myresourcegroup/providers/Microsoft.Quantum/workspaces/myworkspace/jobs/00000000-0000-0000-0000-000000000002?api-version=2022-09-12-preview&test-sequence-id=6
  response:
    body:
      string: '{"containerUri": "https://mystorage.blob.core.windows.net/job-00000000-0000-0000-0000-000000000002?sv=PLACEHOLDER&st=2024-08-15T22%3A51%3A10Z&se=2050-01-01T00%3A00%3A00Z&sr=c&sp=rcwl&sig=PLACEHOLDER&st=2024-08-15T22%3A51%3A10Z&se=2050-01-01T00%3A00%3A00Z&sr=b&sp=r&rscd=attachment%3B+filename%3DJob%2B1-00000000-0000-0000-0000-000000000002.input.json&sig=PLACEHOLDER&st=2024-08-15T22%3A51%3A10Z&se=2050-01-01T00%3A00%3A00Z&sr=b&sp=r&rscd=attachment%3B+filename%3DJob%2B1-00000000-0000-0000-0000-000000000002.output.json&sig=aHUHNiutxk8QQQCmxRAGUu98lBOn0WYN2tT0RoXdKqs%3D",
        "beginExecutionTime": "2024-08-15T22:51:08.174Z", "cancellationTime": null,
        "quantumComputingData": {"count": 1}, "errorData": null, "isCancelling": false,
        "tags": [], "name": "Job 1", "id": "00000000-0000-0000-0000-000000000002",
        "providerId": "ionq", "target": "ionq.simulator", "creationTime": "2024-08-15T22:51:06.5503338+00:00",
        "endExecutionTime": "2024-08-15T22:51:08.194Z", "costEstimate": {"currencyCode":
        "USD", "events": [{"dimensionId": "gs1q", "dimensionName": "1Q Gate Shot",
        "measureUnit": "1q gate shot", "amountBilled": 0.0, "amountConsumed": 0.0,
        "unitPrice": 0.0}, {"dimensionId": "gs2q", "dimensionName": "2Q Gate Shot",
        "measureUnit": "2q gate shot", "amountBilled": 0.0, "amountConsumed": 0.0,
        "unitPrice": 0.0}], "estimatedTotal": 0.0}, "itemType": "Job"}'
    headers:
      connection:
      - keep-alive
      content-length:
      - '1351'
      content-type:
      - application/json; charset=utf-8
      transfer-encoding:
      - chunked
    status:
      code: 200
      message: OK
- request:
    body: null
    headers:
      Accept:
      - application/json
      Accept-Encoding:
      - gzip, deflate
      Connection:
      - keep-alive
      User-Agent:
      - azsdk-python-quantum/1.2.4 Python/3.9.19 (Windows-10-10.0.22631-SP0)
    method: GET
    uri: https://eastus.quantum.azure.com/subscriptions/00000000-0000-0000-0000-000000000000/resourceGroups/myresourcegroup/providers/Microsoft.Quantum/workspaces/myworkspace/sessions/00000000-0000-0000-0000-000000000001?api-version=2022-09-12-preview&test-sequence-id=1
  response:
    body:
      string: '{"status": "Executing", "jobFailurePolicy": "Abort", "name": "session-00000000-0000-0000-0000-000000000001",
        "id": "00000000-0000-0000-0000-000000000001", "providerId": "ionq", "target":
        "ionq.simulator", "creationTime": "2024-08-15T22:51:04.8066606Z", "endExecutionTime":
        null, "costEstimate": {"currencyCode": "USD", "events": [], "estimatedTotal":
        0.0}, "itemType": "Session"}'
    headers:
      connection:
      - keep-alive
      content-length:
      - '379'
      content-type:
      - application/json; charset=utf-8
      transfer-encoding:
      - chunked
    status:
      code: 200
      message: OK
- request:
    body: null
    headers:
      Accept:
      - application/json
      Accept-Encoding:
      - gzip, deflate
      Connection:
      - keep-alive
      Content-Length:
      - '0'
      User-Agent:
      - azsdk-python-quantum/1.2.4 Python/3.9.19 (Windows-10-10.0.22631-SP0)
    method: POST
    uri: https://eastus.quantum.azure.com/subscriptions/00000000-0000-0000-0000-000000000000/resourceGroups/myresourcegroup/providers/Microsoft.Quantum/workspaces/myworkspace/sessions/00000000-0000-0000-0000-000000000001:close?api-version=2022-09-12-preview&test-sequence-id=1
  response:
    body:
      string: '{"status": "Executing", "jobFailurePolicy": "Abort", "name": "session-00000000-0000-0000-0000-000000000001",
        "id": "00000000-0000-0000-0000-000000000001", "providerId": "ionq", "target":
        "ionq.simulator", "creationTime": "2024-08-15T22:51:04.8066606Z", "endExecutionTime":
        null, "costEstimate": {"currencyCode": "USD", "events": [], "estimatedTotal":
        0.0}, "itemType": "Session"}'
    headers:
      connection:
      - keep-alive
      content-length:
      - '379'
      content-type:
      - application/json; charset=utf-8
      transfer-encoding:
      - chunked
    status:
      code: 200
      message: OK
- request:
    body: null
    headers:
      Accept:
      - application/json
      Accept-Encoding:
      - gzip, deflate
      Connection:
      - keep-alive
      User-Agent:
      - testapp azsdk-python-quantum/1.2.4 Python/3.9.19 (Windows-10-10.0.22631-SP0)
    method: GET
    uri: https://eastus.quantum.azure.com/subscriptions/00000000-0000-0000-0000-000000000000/resourceGroups/myresourcegroup/providers/Microsoft.Quantum/workspaces/myworkspace/sessions/00000000-0000-0000-0000-000000000001?api-version=2022-09-12-preview&test-sequence-id=2
  response:
    body:
      string: '{"status": "Executing", "jobFailurePolicy": "Abort", "name": "session-00000000-0000-0000-0000-000000000001",
        "id": "00000000-0000-0000-0000-000000000001", "providerId": "ionq", "target":
        "ionq.simulator", "creationTime": "2024-08-15T22:51:04.8066606Z", "endExecutionTime":
        null, "costEstimate": {"currencyCode": "USD", "events": [], "estimatedTotal":
        0.0}, "itemType": "Session"}'
    headers:
      connection:
      - keep-alive
      content-length:
      - '379'
      content-type:
      - application/json; charset=utf-8
      transfer-encoding:
      - chunked
    status:
      code: 200
      message: OK
- request:
    body: null
    headers:
      Accept:
      - application/json
      Accept-Encoding:
      - gzip, deflate
      Connection:
      - keep-alive
      User-Agent:
      - testapp azsdk-python-quantum/1.2.4 Python/3.9.19 (Windows-10-10.0.22631-SP0)
    method: GET
    uri: https://eastus.quantum.azure.com/subscriptions/00000000-0000-0000-0000-000000000000/resourceGroups/myresourcegroup/providers/Microsoft.Quantum/workspaces/myworkspace/sessions/00000000-0000-0000-0000-000000000001/jobs?api-version=2022-09-12-preview&test-sequence-id=1
  response:
    body:
      string: '{"value": [{"containerUri": "https://mystorage.blob.core.windows.net/job-00000000-0000-0000-0000-000000000002?sv=PLACEHOLDER&ss=b&srt=co&spr=https&st=2024-08-15T22%3A51%3A05Z&se=2050-01-01T00%3A00%3A00Z&sp=rwlac&sig=PLACEHOLDER&st=2024-08-15T22%3A51%3A06Z&se=2050-01-01T00%3A00%3A00Z&sr=b&sp=rcw&sig=PLACEHOLDER&st=2024-08-15T22%3A51%3A06Z&se=2050-01-01T00%3A00%3A00Z&sr=b&sp=rcw&sig=PLACEHOLDER&ss=b&srt=co&spr=https&st=2024-08-15T22%3A51%3A07Z&se=2050-01-01T00%3A00%3A00Z&sp=rwlac&sig=PLACEHOLDER&st=2024-08-15T22%3A51%3A08Z&se=2050-01-01T00%3A00%3A00Z&sr=b&sp=rcw&sig=PLACEHOLDER&ss=b&srt=co&spr=https&st=2024-08-15T22%3A51%3A07Z&se=2050-01-01T00%3A00%3A00Z&sp=rwlac&sig=K61cZlwybsZoyGi2dK9a2pzfl8VZNC6QIpQ%2FXYz4bYE%3D",
        "beginExecutionTime": null, "cancellationTime": null, "quantumComputingData":
        {"count": 1}, "errorData": null, "isCancelling": false, "tags": [], "name":
        "Job 2", "id": "00000000-0000-0000-0000-000000000003", "providerId": "ionq",
        "target": "ionq.simulator", "creationTime": "2024-08-15T22:51:08.3300393Z",
        "endExecutionTime": null, "costEstimate": null, "itemType": "Job"}], "nextLink":
        null}'
    headers:
      connection:
      - keep-alive
      content-length:
      - '1118'
      content-type:
      - application/json; charset=utf-8
      transfer-encoding:
      - chunked
    status:
      code: 200
      message: OK
- request:
    body: null
    headers:
      Accept:
      - application/json
      Accept-Encoding:
      - gzip, deflate
      Connection:
      - keep-alive
      User-Agent:
      - testapp azsdk-python-quantum/1.2.4 Python/3.9.19 (Windows-10-10.0.22631-SP0)
    method: GET
    uri: https://eastus.quantum.azure.com/subscriptions/00000000-0000-0000-0000-000000000000/resourceGroups/myresourcegroup/providers/Microsoft.Quantum/workspaces/myworkspace/jobs/00000000-0000-0000-0000-000000000002?api-version=2022-09-12-preview&test-sequence-id=7
  response:
    body:
      string: '{"containerUri": "https://mystorage.blob.core.windows.net/job-00000000-0000-0000-0000-000000000002?sv=PLACEHOLDER&st=2024-08-15T22%3A51%3A10Z&se=2050-01-01T00%3A00%3A00Z&sr=c&sp=rcwl&sig=PLACEHOLDER&st=2024-08-15T22%3A51%3A10Z&se=2050-01-01T00%3A00%3A00Z&sr=b&sp=r&rscd=attachment%3B+filename%3DJob%2B1-00000000-0000-0000-0000-000000000002.input.json&sig=PLACEHOLDER&st=2024-08-15T22%3A51%3A10Z&se=2050-01-01T00%3A00%3A00Z&sr=b&sp=r&rscd=attachment%3B+filename%3DJob%2B1-00000000-0000-0000-0000-000000000002.output.json&sig=aHUHNiutxk8QQQCmxRAGUu98lBOn0WYN2tT0RoXdKqs%3D",
        "beginExecutionTime": "2024-08-15T22:51:08.174Z", "cancellationTime": null,
        "quantumComputingData": {"count": 1}, "errorData": null, "isCancelling": false,
        "tags": [], "name": "Job 1", "id": "00000000-0000-0000-0000-000000000002",
        "providerId": "ionq", "target": "ionq.simulator", "creationTime": "2024-08-15T22:51:06.5503338+00:00",
        "endExecutionTime": "2024-08-15T22:51:08.194Z", "costEstimate": {"currencyCode":
        "USD", "events": [{"dimensionId": "gs1q", "dimensionName": "1Q Gate Shot",
        "measureUnit": "1q gate shot", "amountBilled": 0.0, "amountConsumed": 0.0,
        "unitPrice": 0.0}, {"dimensionId": "gs2q", "dimensionName": "2Q Gate Shot",
        "measureUnit": "2q gate shot", "amountBilled": 0.0, "amountConsumed": 0.0,
        "unitPrice": 0.0}], "estimatedTotal": 0.0}, "itemType": "Job"}'
    headers:
      connection:
      - keep-alive
      content-length:
      - '1351'
      content-type:
      - application/json; charset=utf-8
      transfer-encoding:
      - chunked
    status:
      code: 200
      message: OK
- request:
    body: null
    headers:
      Accept:
      - application/json
      Accept-Encoding:
      - gzip, deflate
      Connection:
      - keep-alive
      User-Agent:
      - testapp azsdk-python-quantum/1.2.4 Python/3.9.19 (Windows-10-10.0.22631-SP0)
    method: GET
    uri: https://eastus.quantum.azure.com/subscriptions/00000000-0000-0000-0000-000000000000/resourceGroups/myresourcegroup/providers/Microsoft.Quantum/workspaces/myworkspace/jobs/00000000-0000-0000-0000-000000000003?api-version=2022-09-12-preview&test-sequence-id=1
  response:
    body:
      string: '{"containerUri": "https://mystorage.blob.core.windows.net/job-00000000-0000-0000-0000-000000000003?sv=PLACEHOLDER&st=2024-08-15T22%3A51%3A10Z&se=2050-01-01T00%3A00%3A00Z&sr=c&sp=rcwl&sig=PLACEHOLDER&st=2024-08-15T22%3A51%3A10Z&se=2050-01-01T00%3A00%3A00Z&sr=b&sp=r&rscd=attachment%3B+filename%3DJob%2B2-00000000-0000-0000-0000-000000000003.input.json&sig=PLACEHOLDER&st=2024-08-15T22%3A51%3A10Z&se=2050-01-01T00%3A00%3A00Z&sr=b&sp=r&rscd=attachment%3B+filename%3DJob%2B2-00000000-0000-0000-0000-000000000003.output.json&sig=6zjNc16rLdvMV5xt20oz9V%2BlGSOCi8Mbff9ueKADfl4%3D",
        "beginExecutionTime": null, "cancellationTime": null, "quantumComputingData":
        {"count": 1}, "errorData": null, "isCancelling": false, "tags": [], "name":
        "Job 2", "id": "00000000-0000-0000-0000-000000000003", "providerId": "ionq",
        "target": "ionq.simulator", "creationTime": "2024-08-15T22:51:08.3300393+00:00",
        "endExecutionTime": null, "costEstimate": null, "itemType": "Job"}'
    headers:
      connection:
      - keep-alive
      content-length:
      - '953'
      content-type:
      - application/json; charset=utf-8
      transfer-encoding:
      - chunked
    status:
      code: 200
      message: OK
- request:
    body: null
    headers:
      Accept:
      - application/json
      Accept-Encoding:
      - gzip, deflate
      Connection:
      - keep-alive
      User-Agent:
      - testapp azsdk-python-quantum/1.2.4 Python/3.9.19 (Windows-10-10.0.22631-SP0)
    method: GET
    uri: https://eastus.quantum.azure.com/subscriptions/00000000-0000-0000-0000-000000000000/resourceGroups/myresourcegroup/providers/Microsoft.Quantum/workspaces/myworkspace/jobs/00000000-0000-0000-0000-000000000003?api-version=2022-09-12-preview&test-sequence-id=2
  response:
    body:
      string: '{"containerUri": "https://mystorage.blob.core.windows.net/job-00000000-0000-0000-0000-000000000003?sv=PLACEHOLDER&st=2024-08-15T22%3A51%3A11Z&se=2050-01-01T00%3A00%3A00Z&sr=c&sp=rcwl&sig=PLACEHOLDER&st=2024-08-15T22%3A51%3A11Z&se=2050-01-01T00%3A00%3A00Z&sr=b&sp=r&rscd=attachment%3B+filename%3DJob%2B2-00000000-0000-0000-0000-000000000003.input.json&sig=PLACEHOLDER&st=2024-08-15T22%3A51%3A11Z&se=2050-01-01T00%3A00%3A00Z&sr=b&sp=r&rscd=attachment%3B+filename%3DJob%2B2-00000000-0000-0000-0000-000000000003.output.json&sig=tOcoS7HshginE99CxixwwkrbhudNo4obPPIN%2FEkpiZM%3D",
        "beginExecutionTime": "2024-08-15T22:51:09.846Z", "cancellationTime": null,
        "quantumComputingData": {"count": 1}, "errorData": null, "isCancelling": false,
        "tags": [], "name": "Job 2", "id": "00000000-0000-0000-0000-000000000003",
        "providerId": "ionq", "target": "ionq.simulator", "creationTime": "2024-08-15T22:51:08.3300393+00:00",
        "endExecutionTime": "2024-08-15T22:51:09.866Z", "costEstimate": {"currencyCode":
        "USD", "events": [{"dimensionId": "gs1q", "dimensionName": "1Q Gate Shot",
        "measureUnit": "1q gate shot", "amountBilled": 0.0, "amountConsumed": 0.0,
        "unitPrice": 0.0}, {"dimensionId": "gs2q", "dimensionName": "2Q Gate Shot",
        "measureUnit": "2q gate shot", "amountBilled": 0.0, "amountConsumed": 0.0,
        "unitPrice": 0.0}], "estimatedTotal": 0.0}, "itemType": "Job"}'
    headers:
      connection:
      - keep-alive
      content-length:
      - '1353'
      content-type:
      - application/json; charset=utf-8
      transfer-encoding:
      - chunked
    status:
      code: 200
      message: OK
- request:
    body: null
    headers:
      Accept:
      - application/json
      Accept-Encoding:
      - gzip, deflate
      Connection:
      - keep-alive
      User-Agent:
      - testapp azsdk-python-quantum/1.2.4 Python/3.9.19 (Windows-10-10.0.22631-SP0)
    method: GET
    uri: https://eastus.quantum.azure.com/subscriptions/00000000-0000-0000-0000-000000000000/resourceGroups/myresourcegroup/providers/Microsoft.Quantum/workspaces/myworkspace/sessions/00000000-0000-0000-0000-000000000001?api-version=2022-09-12-preview&test-sequence-id=3
  response:
    body:
      string: '{"status": "Succeeded", "jobFailurePolicy": "Abort", "name": "session-00000000-0000-0000-0000-000000000001",
        "id": "00000000-0000-0000-0000-000000000001", "providerId": "ionq", "target":
        "ionq.simulator", "creationTime": "2024-08-15T22:51:04.8066606Z", "endExecutionTime":
        "2024-08-15T22:51:10.8964166Z", "costEstimate": {"currencyCode": "USD", "events":
        [], "estimatedTotal": 0.0}, "itemType": "Session"}'
    headers:
      connection:
      - keep-alive
      content-length:
      - '405'
      content-type:
      - application/json; charset=utf-8
      transfer-encoding:
      - chunked
    status:
      code: 200
      message: OK
version: 1
