interactions:
- request:
    body: client_id=PLACEHOLDER&grant_type=client_credentials&client_assertion=PLACEHOLDER&client_info=1&client_assertion_type=PLACEHOLDER&scope=https%3A%2F%2Fquantum.microsoft.com%2F.default
    headers:
      Accept:
      - application/json
      Accept-Encoding:
      - gzip, deflate
      Connection:
      - keep-alive
      Content-Length:
      - '181'
      Content-Type:
      - application/x-www-form-urlencoded
      User-Agent:
      - azsdk-python-identity/1.17.1 Python/3.9.19 (Windows-10-10.0.22631-SP0)
      x-client-current-telemetry:
      - 4|730,2|
      x-client-os:
      - win32
      x-client-sku:
      - MSAL.Python
      x-client-ver:
      - 1.29.0
    method: POST
    uri: https://login.microsoftonline.com/00000000-0000-0000-0000-000000000000/oauth2/v2.0/token
  response:
    body:
      string: '{"token_type": "Bearer", "expires_in": 1755295827, "ext_expires_in":
        1755295827, "refresh_in": 31536000, "access_token": "PLACEHOLDER"}'
    headers:
      content-length:
      - '135'
      content-type:
      - application/json; charset=utf-8
    status:
      code: 200
      message: OK
- request:
    body: 'b''{"containerName": "job-00000000-0000-0000-0000-000000000001"}'''
    headers:
      Accept:
      - application/json
      Accept-Encoding:
      - gzip, deflate
      Connection:
      - keep-alive
      Content-Length:
      - '64'
      Content-Type:
      - application/json
      User-Agent:
      - azsdk-python-quantum/1.2.4 Python/3.9.19 (Windows-10-10.0.22631-SP0)
    method: POST
    uri: https://eastus.quantum.azure.com/subscriptions/00000000-0000-0000-0000-000000000000/resourceGroups/myresourcegroup/providers/Microsoft.Quantum/workspaces/myworkspace/storage/sasUri?api-version=2022-09-12-preview&test-sequence-id=1
  response:
    body:
      string: '{"sasUri": "https://mystorage.blob.core.windows.net/job-00000000-0000-0000-0000-000000000001?sv=PLACEHOLDER&ss=b&srt=co&spr=https&st=2024-08-15T22%3A10%3A28Z&se=2050-01-01T00%3A00%3A00Z&sp=rwlac&sig=jA8i5obztiXs8KiFtqrYfoVoDaCBtmNX19AbcXIGJL0%3D"}'
    headers:
      connection:
      - keep-alive
      content-length:
      - '247'
      content-type:
      - application/json; charset=utf-8
      transfer-encoding:
      - chunked
    status:
      code: 200
      message: OK
- request:
    body: null
    headers:
      Accept:
      - application/xml
      Accept-Encoding:
      - gzip, deflate
      Connection:
      - keep-alive
      User-Agent:
      - azsdk-python-storage-blob/12.20.0 Python/3.9.19 (Windows-10-10.0.22631-SP0)
      x-ms-date:
      - Thu, 15 Aug 2024 22:10:27 GMT
      x-ms-version:
      - '2024-05-04'
    method: GET
    uri: https://mystorage.blob.core.windows.net/job-00000000-0000-0000-0000-000000000001?restype=container&sv=PLACEHOLDER&ss=b&srt=co&spr=https&st=2024-08-15T22%3A10%3A28Z&se=2050-01-01T00%3A00%3A00Z&sp=rwlac&sig=jA8i5obztiXs8KiFtqrYfoVoDaCBtmNX19AbcXIGJL0%3D
  response:
    body:
      string: "\uFEFF<?xml version=\"1.0\" encoding=\"utf-8\"?><Error><Code>ContainerNotFound</Code><Message>The
        specified container does not exist.\nRequestId:129e9468-701e-000b-2d5f-efb801000000\nTime:2024-08-15T22:10:28.9665354Z</Message></Error>"
    headers:
      content-length:
      - '223'
      content-type:
      - application/xml
      x-ms-version:
      - '2024-05-04'
    status:
      code: 404
      message: The specified container does not exist.
- request:
    body: null
    headers:
      Accept:
      - application/xml
      Accept-Encoding:
      - gzip, deflate
      Connection:
      - keep-alive
      Content-Length:
      - '0'
      User-Agent:
      - azsdk-python-storage-blob/12.20.0 Python/3.9.19 (Windows-10-10.0.22631-SP0)
      x-ms-date:
      - Thu, 15 Aug 2024 22:10:28 GMT
      x-ms-version:
      - '2024-05-04'
    method: PUT
    uri: https://mystorage.blob.core.windows.net/job-00000000-0000-0000-0000-000000000001?restype=container&sv=PLACEHOLDER&ss=b&srt=co&spr=https&st=2024-08-15T22%3A10%3A28Z&se=2050-01-01T00%3A00%3A00Z&sp=rwlac&sig=jA8i5obztiXs8KiFtqrYfoVoDaCBtmNX19AbcXIGJL0%3D
  response:
    body:
      string: ''
    headers:
      content-length:
      - '0'
      x-ms-version:
      - '2024-05-04'
    status:
      code: 201
      message: Created
- request:
    body: null
    headers:
      Accept:
      - application/xml
      Accept-Encoding:
      - gzip, deflate
      Connection:
      - keep-alive
      User-Agent:
      - azsdk-python-storage-blob/12.20.0 Python/3.9.19 (Windows-10-10.0.22631-SP0)
      x-ms-date:
      - Thu, 15 Aug 2024 22:10:28 GMT
      x-ms-version:
      - '2024-05-04'
    method: GET
    uri: https://mystorage.blob.core.windows.net/job-00000000-0000-0000-0000-000000000001?restype=container&sv=PLACEHOLDER&ss=b&srt=co&spr=https&st=2024-08-15T22%3A10%3A28Z&se=2050-01-01T00%3A00%3A00Z&sp=rwlac&sig=jA8i5obztiXs8KiFtqrYfoVoDaCBtmNX19AbcXIGJL0%3D
  response:
    body:
      string: ''
    headers:
      content-length:
      - '0'
      x-ms-lease-state:
      - available
      x-ms-lease-status:
      - unlocked
      x-ms-version:
      - '2024-05-04'
    status:
      code: 200
      message: OK
- request:
    body: 'b''{"qubits": 3, "circuit": [{"gate": "h", "target": 0}, {"gate": "cnot",
      "control": 0, "target": 1}, {"gate": "cnot", "control": 0, "target": 2}]}'''
    headers:
      Accept:
      - application/xml
      Accept-Encoding:
      - gzip, deflate
      Connection:
      - keep-alive
      Content-Length:
      - '147'
      Content-Type:
      - application/octet-stream
      User-Agent:
      - azsdk-python-storage-blob/12.20.0 Python/3.9.19 (Windows-10-10.0.22631-SP0)
      x-ms-blob-type:
      - BlockBlob
      x-ms-date:
      - Thu, 15 Aug 2024 22:10:28 GMT
      x-ms-version:
      - '2024-05-04'
    method: PUT
    uri: https://mystorage.blob.core.windows.net/job-00000000-0000-0000-0000-000000000001/inputData?sv=PLACEHOLDER&ss=b&srt=co&spr=https&st=2024-08-15T22%3A10%3A28Z&se=2050-01-01T00%3A00%3A00Z&sp=rwlac&sig=jA8i5obztiXs8KiFtqrYfoVoDaCBtmNX19AbcXIGJL0%3D
  response:
    body:
      string: ''
    headers:
      content-length:
      - '0'
      x-ms-version:
      - '2024-05-04'
    status:
      code: 201
      message: Created
- request:
    body: 'b''{"id": "00000000-0000-0000-0000-000000000001", "name": "ionq-job", "providerId":
      "IonQ", "target": "ionq.simulator", "itemType": "Job", "containerUri": "https://mystorage.blob.core.windows.net/job-00000000-0000-0000-0000-000000000001?sv=PLACEHOLDER&ss=b&srt=co&spr=https&st=2024-08-15T22%3A10%3A28Z&se=2050-01-01T00%3A00%3A00Z&sp=rwlac&sig=jA8i5obztiXs8KiFtqrYfoVoDaCBtmNX19AbcXIGJL0%3D",
      "inputDataUri": "https://mystorage.blob.core.windows.net/job-00000000-0000-0000-0000-000000000001/inputData",
      "inputDataFormat": "ionq.circuit.v1", "inputParams": {"shots": 100}, "outputDataFormat":
      "ionq.quantum-results.v1"}'''
    headers:
      Accept:
      - application/json
      Accept-Encoding:
      - gzip, deflate
      Connection:
      - keep-alive
      Content-Length:
      - '617'
      Content-Type:
      - application/json
      User-Agent:
      - azsdk-python-quantum/1.2.4 Python/3.9.19 (Windows-10-10.0.22631-SP0)
    method: PUT
    uri: https://eastus.quantum.azure.com/subscriptions/00000000-0000-0000-0000-000000000000/resourceGroups/myresourcegroup/providers/Microsoft.Quantum/workspaces/myworkspace/jobs/00000000-0000-0000-0000-000000000001?api-version=2022-09-12-preview&test-sequence-id=1
  response:
    body:
      string: '{"containerUri": "https://mystorage.blob.core.windows.net/job-00000000-0000-0000-0000-000000000001?sv=PLACEHOLDER&ss=b&srt=co&spr=https&st=2024-08-15T22%3A10%3A28Z&se=2050-01-01T00%3A00%3A00Z&sp=rwlac&sig=PLACEHOLDER&st=2024-08-15T22%3A10%3A29Z&se=2050-01-01T00%3A00%3A00Z&sr=b&sp=rcw&sig=PLACEHOLDER&ss=b&srt=co&spr=https&st=2024-08-15T22%3A10%3A28Z&se=2050-01-01T00%3A00%3A00Z&sp=rwlac&sig=jA8i5obztiXs8KiFtqrYfoVoDaCBtmNX19AbcXIGJL0%3D",
        "beginExecutionTime": null, "cancellationTime": null, "quantumComputingData":
        null, "errorData": null, "isCancelling": false, "tags": [], "name": "ionq-job",
        "id": "00000000-0000-0000-0000-000000000001", "providerId": "ionq", "target":
        "ionq.simulator", "creationTime": "2024-08-15T22:10:29.5432538+00:00", "endExecutionTime":
        null, "costEstimate": null, "itemType": "Job"}'
    headers:
      connection:
      - keep-alive
      content-length:
      - '814'
      content-type:
      - application/json; charset=utf-8
      transfer-encoding:
      - chunked
    status:
      code: 200
      message: OK
- request:
    body: null
    headers:
      Accept:
      - application/json
      Accept-Encoding:
      - gzip, deflate
      Connection:
      - keep-alive
      User-Agent:
      - azsdk-python-quantum/1.2.4 Python/3.9.19 (Windows-10-10.0.22631-SP0)
    method: GET
    uri: https://eastus.quantum.azure.com/subscriptions/00000000-0000-0000-0000-000000000000/resourceGroups/myresourcegroup/providers/Microsoft.Quantum/workspaces/myworkspace/jobs/00000000-0000-0000-0000-000000000001?api-version=2022-09-12-preview&test-sequence-id=1
  response:
    body:
      string: '{"containerUri": "https://mystorage.blob.core.windows.net/job-00000000-0000-0000-0000-000000000001?sv=PLACEHOLDER&st=2024-08-15T22%3A10%3A29Z&se=2050-01-01T00%3A00%3A00Z&sr=c&sp=rcwl&sig=PLACEHOLDER&st=2024-08-15T22%3A10%3A29Z&se=2050-01-01T00%3A00%3A00Z&sr=b&sp=r&rscd=attachment%3B+filename%3Dionq-job-00000000-0000-0000-0000-000000000001.input.json&sig=PLACEHOLDER&st=2024-08-15T22%3A10%3A29Z&se=2050-01-01T00%3A00%3A00Z&sr=b&sp=r&rscd=attachment%3B+filename%3Dionq-job-00000000-0000-0000-0000-000000000001.output.json&sig=BYM%2FFi04TJjLvjzfRDgIGga8%2BwVGSZPALJkSh%2FMKx0g%3D",
        "beginExecutionTime": null, "cancellationTime": null, "quantumComputingData":
        null, "errorData": null, "isCancelling": false, "tags": [], "name": "ionq-job",
        "id": "00000000-0000-0000-0000-000000000001", "providerId": "ionq", "target":
        "ionq.simulator", "creationTime": "2024-08-15T22:10:29.5432538+00:00", "endExecutionTime":
        null, "costEstimate": null, "itemType": "Job"}'
    headers:
      connection:
      - keep-alive
      content-length:
      - '954'
      content-type:
      - application/json; charset=utf-8
      transfer-encoding:
      - chunked
    status:
      code: 200
      message: OK
- request:
    body: null
    headers:
      Accept:
      - application/json
      Accept-Encoding:
      - gzip, deflate
      Connection:
      - keep-alive
      User-Agent:
      - azsdk-python-quantum/1.2.4 Python/3.9.19 (Windows-10-10.0.22631-SP0)
    method: GET
    uri: https://eastus.quantum.azure.com/subscriptions/00000000-0000-0000-0000-000000000000/resourceGroups/myresourcegroup/providers/Microsoft.Quantum/workspaces/myworkspace/jobs/00000000-0000-0000-0000-000000000001?api-version=2022-09-12-preview&test-sequence-id=2
  response:
    body:
      string: '{"containerUri": "https://mystorage.blob.core.windows.net/job-00000000-0000-0000-0000-000000000001?sv=PLACEHOLDER&st=2024-08-15T22%3A10%3A29Z&se=2050-01-01T00%3A00%3A00Z&sr=c&sp=rcwl&sig=PLACEHOLDER&st=2024-08-15T22%3A10%3A29Z&se=2050-01-01T00%3A00%3A00Z&sr=b&sp=r&rscd=attachment%3B+filename%3Dionq-job-00000000-0000-0000-0000-000000000001.input.json&sig=PLACEHOLDER&st=2024-08-15T22%3A10%3A29Z&se=2050-01-01T00%3A00%3A00Z&sr=b&sp=r&rscd=attachment%3B+filename%3Dionq-job-00000000-0000-0000-0000-000000000001.output.json&sig=BYM%2FFi04TJjLvjzfRDgIGga8%2BwVGSZPALJkSh%2FMKx0g%3D",
        "beginExecutionTime": null, "cancellationTime": null, "quantumComputingData":
        {"count": 1}, "errorData": null, "isCancelling": false, "tags": [], "name":
        "ionq-job", "id": "00000000-0000-0000-0000-000000000001", "providerId": "ionq",
        "target": "ionq.simulator", "creationTime": "2024-08-15T22:10:29.5432538+00:00",
        "endExecutionTime": null, "costEstimate": null, "itemType": "Job"}'
    headers:
      connection:
      - keep-alive
      content-length:
      - '962'
      content-type:
      - application/json; charset=utf-8
      transfer-encoding:
      - chunked
    status:
      code: 200
      message: OK
- request:
    body: null
    headers:
      Accept:
      - application/json
      Accept-Encoding:
      - gzip, deflate
      Connection:
      - keep-alive
      User-Agent:
      - azsdk-python-quantum/1.2.4 Python/3.9.19 (Windows-10-10.0.22631-SP0)
    method: GET
    uri: https://eastus.quantum.azure.com/subscriptions/00000000-0000-0000-0000-000000000000/resourceGroups/myresourcegroup/providers/Microsoft.Quantum/workspaces/myworkspace/jobs/00000000-0000-0000-0000-000000000001?api-version=2022-09-12-preview&test-sequence-id=3
  response:
    body:
      string: '{"containerUri": "https://mystorage.blob.core.windows.net/job-00000000-0000-0000-0000-000000000001?sv=PLACEHOLDER&st=2024-08-15T22%3A10%3A30Z&se=2050-01-01T00%3A00%3A00Z&sr=c&sp=rcwl&sig=PLACEHOLDER&st=2024-08-15T22%3A10%3A30Z&se=2050-01-01T00%3A00%3A00Z&sr=b&sp=r&rscd=attachment%3B+filename%3Dionq-job-00000000-0000-0000-0000-000000000001.input.json&sig=PLACEHOLDER&st=2024-08-15T22%3A10%3A30Z&se=2050-01-01T00%3A00%3A00Z&sr=b&sp=r&rscd=attachment%3B+filename%3Dionq-job-00000000-0000-0000-0000-000000000001.output.json&sig=0PWCbrNAkUb2X8dsINuBf6u0ajXONHBdfuxDbi12ftI%3D",
        "beginExecutionTime": null, "cancellationTime": null, "quantumComputingData":
        {"count": 1}, "errorData": null, "isCancelling": false, "tags": [], "name":
        "ionq-job", "id": "00000000-0000-0000-0000-000000000001", "providerId": "ionq",
        "target": "ionq.simulator", "creationTime": "2024-08-15T22:10:29.5432538+00:00",
        "endExecutionTime": null, "costEstimate": null, "itemType": "Job"}'
    headers:
      connection:
      - keep-alive
      content-length:
      - '956'
      content-type:
      - application/json; charset=utf-8
      transfer-encoding:
      - chunked
    status:
      code: 200
      message: OK
- request:
    body: null
    headers:
      Accept:
      - application/json
      Accept-Encoding:
      - gzip, deflate
      Connection:
      - keep-alive
      User-Agent:
      - azsdk-python-quantum/1.2.4 Python/3.9.19 (Windows-10-10.0.22631-SP0)
    method: GET
    uri: https://eastus.quantum.azure.com/subscriptions/00000000-0000-0000-0000-000000000000/resourceGroups/myresourcegroup/providers/Microsoft.Quantum/workspaces/myworkspace/jobs/00000000-0000-0000-0000-000000000001?api-version=2022-09-12-preview&test-sequence-id=4
  response:
    body:
      string: '{"containerUri": "https://mystorage.blob.core.windows.net/job-00000000-0000-0000-0000-000000000001?sv=PLACEHOLDER&st=2024-08-15T22%3A10%3A30Z&se=2050-01-01T00%3A00%3A00Z&sr=c&sp=rcwl&sig=PLACEHOLDER&st=2024-08-15T22%3A10%3A30Z&se=2050-01-01T00%3A00%3A00Z&sr=b&sp=r&rscd=attachment%3B+filename%3Dionq-job-00000000-0000-0000-0000-000000000001.input.json&sig=PLACEHOLDER&st=2024-08-15T22%3A10%3A30Z&se=2050-01-01T00%3A00%3A00Z&sr=b&sp=r&rscd=attachment%3B+filename%3Dionq-job-00000000-0000-0000-0000-000000000001.output.json&sig=0PWCbrNAkUb2X8dsINuBf6u0ajXONHBdfuxDbi12ftI%3D",
        "beginExecutionTime": null, "cancellationTime": null, "quantumComputingData":
        {"count": 1}, "errorData": null, "isCancelling": false, "tags": [], "name":
        "ionq-job", "id": "00000000-0000-0000-0000-000000000001", "providerId": "ionq",
        "target": "ionq.simulator", "creationTime": "2024-08-15T22:10:29.5432538+00:00",
        "endExecutionTime": null, "costEstimate": null, "itemType": "Job"}'
    headers:
      connection:
      - keep-alive
      content-length:
      - '956'
      content-type:
      - application/json; charset=utf-8
      transfer-encoding:
      - chunked
    status:
      code: 200
      message: OK
- request:
    body: null
    headers:
      Accept:
      - application/json
      Accept-Encoding:
      - gzip, deflate
      Connection:
      - keep-alive
      User-Agent:
      - azsdk-python-quantum/1.2.4 Python/3.9.19 (Windows-10-10.0.22631-SP0)
    method: GET
    uri: https://eastus.quantum.azure.com/subscriptions/00000000-0000-0000-0000-000000000000/resourceGroups/myresourcegroup/providers/Microsoft.Quantum/workspaces/myworkspace/jobs/00000000-0000-0000-0000-000000000001?api-version=2022-09-12-preview&test-sequence-id=5
  response:
    body:
      string: '{"containerUri": "https://mystorage.blob.core.windows.net/job-00000000-0000-0000-0000-000000000001?sv=PLACEHOLDER&st=2024-08-15T22%3A10%3A31Z&se=2050-01-01T00%3A00%3A00Z&sr=c&sp=rcwl&sig=PLACEHOLDER&st=2024-08-15T22%3A10%3A31Z&se=2050-01-01T00%3A00%3A00Z&sr=b&sp=r&rscd=attachment%3B+filename%3Dionq-job-00000000-0000-0000-0000-000000000001.input.json&sig=PLACEHOLDER&st=2024-08-15T22%3A10%3A31Z&se=2050-01-01T00%3A00%3A00Z&sr=b&sp=r&rscd=attachment%3B+filename%3Dionq-job-00000000-0000-0000-0000-000000000001.output.json&sig=sO%2BbuYuzKVtRg9mNR5MT5vLBV8T3xcNf%2FUDNd3EorCE%3D",
        "beginExecutionTime": null, "cancellationTime": null, "quantumComputingData":
        {"count": 1}, "errorData": null, "isCancelling": false, "tags": [], "name":
        "ionq-job", "id": "00000000-0000-0000-0000-000000000001", "providerId": "ionq",
        "target": "ionq.simulator", "creationTime": "2024-08-15T22:10:29.5432538+00:00",
        "endExecutionTime": null, "costEstimate": null, "itemType": "Job"}'
    headers:
      connection:
      - keep-alive
      content-length:
      - '960'
      content-type:
      - application/json; charset=utf-8
      transfer-encoding:
      - chunked
    status:
      code: 200
      message: OK
- request:
    body: null
    headers:
      Accept:
      - application/json
      Accept-Encoding:
      - gzip, deflate
      Connection:
      - keep-alive
      User-Agent:
      - azsdk-python-quantum/1.2.4 Python/3.9.19 (Windows-10-10.0.22631-SP0)
    method: GET
    uri: https://eastus.quantum.azure.com/subscriptions/00000000-0000-0000-0000-000000000000/resourceGroups/myresourcegroup/providers/Microsoft.Quantum/workspaces/myworkspace/jobs/00000000-0000-0000-0000-000000000001?api-version=2022-09-12-preview&test-sequence-id=6
  response:
    body:
      string: '{"containerUri": "https://mystorage.blob.core.windows.net/job-00000000-0000-0000-0000-000000000001?sv=PLACEHOLDER&st=2024-08-15T22%3A10%3A32Z&se=2050-01-01T00%3A00%3A00Z&sr=c&sp=rcwl&sig=PLACEHOLDER&st=2024-08-15T22%3A10%3A32Z&se=2050-01-01T00%3A00%3A00Z&sr=b&sp=r&rscd=attachment%3B+filename%3Dionq-job-00000000-0000-0000-0000-000000000001.input.json&sig=PLACEHOLDER&st=2024-08-15T22%3A10%3A32Z&se=2050-01-01T00%3A00%3A00Z&sr=b&sp=r&rscd=attachment%3B+filename%3Dionq-job-00000000-0000-0000-0000-000000000001.output.json&sig=keQuOIarTV3uBONktN3PaCEnQLTjH8v3c%2BD6c6luOu0%3D",
        "beginExecutionTime": null, "cancellationTime": null, "quantumComputingData":
        {"count": 1}, "errorData": null, "isCancelling": false, "tags": [], "name":
        "ionq-job", "id": "00000000-0000-0000-0000-000000000001", "providerId": "ionq",
        "target": "ionq.simulator", "creationTime": "2024-08-15T22:10:29.5432538+00:00",
        "endExecutionTime": null, "costEstimate": null, "itemType": "Job"}'
    headers:
      connection:
      - keep-alive
      content-length:
      - '958'
      content-type:
      - application/json; charset=utf-8
      transfer-encoding:
      - chunked
    status:
      code: 200
      message: OK
- request:
    body: null
    headers:
      Accept:
      - application/json
      Accept-Encoding:
      - gzip, deflate
      Connection:
      - keep-alive
      User-Agent:
      - azsdk-python-quantum/1.2.4 Python/3.9.19 (Windows-10-10.0.22631-SP0)
    method: GET
    uri: https://eastus.quantum.azure.com/subscriptions/00000000-0000-0000-0000-000000000000/resourceGroups/myresourcegroup/providers/Microsoft.Quantum/workspaces/myworkspace/jobs/00000000-0000-0000-0000-000000000001?api-version=2022-09-12-preview&test-sequence-id=7
  response:
    body:
      string: '{"containerUri": "https://mystorage.blob.core.windows.net/job-00000000-0000-0000-0000-000000000001?sv=PLACEHOLDER&st=2024-08-15T22%3A10%3A34Z&se=2050-01-01T00%3A00%3A00Z&sr=c&sp=rcwl&sig=PLACEHOLDER&st=2024-08-15T22%3A10%3A34Z&se=2050-01-01T00%3A00%3A00Z&sr=b&sp=r&rscd=attachment%3B+filename%3Dionq-job-00000000-0000-0000-0000-000000000001.input.json&sig=PLACEHOLDER&st=2024-08-15T22%3A10%3A34Z&se=2050-01-01T00%3A00%3A00Z&sr=b&sp=r&rscd=attachment%3B+filename%3Dionq-job-00000000-0000-0000-0000-000000000001.output.json&sig=voLkEXIOUM588RlMvhU1gNGbvpOuV5ZWLO%2BVuDagMa4%3D",
        "beginExecutionTime": "2024-08-15T22:10:31.163Z", "cancellationTime": null,
        "quantumComputingData": {"count": 1}, "errorData": null, "isCancelling": false,
        "tags": [], "name": "ionq-job", "id": "00000000-0000-0000-0000-000000000001",
        "providerId": "ionq", "target": "ionq.simulator", "creationTime": "2024-08-15T22:10:29.5432538+00:00",
        "endExecutionTime": "2024-08-15T22:10:31.179Z", "costEstimate": {"currencyCode":
        "USD", "events": [{"dimensionId": "gs1q", "dimensionName": "1Q Gate Shot",
        "measureUnit": "1q gate shot", "amountBilled": 0.0, "amountConsumed": 0.0,
        "unitPrice": 0.0}, {"dimensionId": "gs2q", "dimensionName": "2Q Gate Shot",
        "measureUnit": "2q gate shot", "amountBilled": 0.0, "amountConsumed": 0.0,
        "unitPrice": 0.0}], "estimatedTotal": 0.0}, "itemType": "Job"}'
    headers:
      connection:
      - keep-alive
      content-length:
      - '1358'
      content-type:
      - application/json; charset=utf-8
      transfer-encoding:
      - chunked
    status:
      code: 200
      message: OK
version: 1
