interactions:
- request:
    body: client_id=PLACEHOLDER&grant_type=client_credentials&client_assertion=PLACEHOLDER&client_info=1&client_assertion_type=PLACEHOLDER&scope=https%3A%2F%2Fquantum.microsoft.com%2F.default
    headers:
      Accept:
      - application/json
      Accept-Encoding:
      - gzip, deflate
      Connection:
      - keep-alive
      Content-Length:
      - '181'
      Content-Type:
      - application/x-www-form-urlencoded
      User-Agent:
      - azsdk-python-identity/1.17.1 Python/3.9.19 (Windows-10-10.0.22631-SP0)
      x-client-current-telemetry:
      - 4|730,2|
      x-client-os:
      - win32
      x-client-sku:
      - MSAL.Python
      x-client-ver:
      - 1.29.0
    method: POST
    uri: https://login.microsoftonline.com/00000000-0000-0000-0000-000000000000/oauth2/v2.0/token
  response:
    body:
      string: '{"token_type": "Bearer", "expires_in": 1755297255, "ext_expires_in":
        1755297255, "refresh_in": 31536000, "access_token": "PLACEHOLDER"}'
    headers:
      content-length:
      - '135'
      content-type:
      - application/json; charset=utf-8
    status:
      code: 200
      message: OK
- request:
    body: null
    headers:
      Accept:
      - application/json
      Accept-Encoding:
      - gzip, deflate
      Connection:
      - keep-alive
      User-Agent:
      - testapp-azure-quantum-qiskit azsdk-python-quantum/1.2.4 Python/3.9.19 (Windows-10-10.0.22631-SP0)
    method: GET
    uri: https://eastus.quantum.azure.com/subscriptions/00000000-0000-0000-0000-000000000000/resourceGroups/myresourcegroup/providers/Microsoft.Quantum/workspaces/myworkspace/providerStatus?api-version=2022-09-12-preview&test-sequence-id=1
  response:
    body:
      string: '{"value": [{"id": "microsoft-elements", "currentAvailability": "Available",
        "targets": [{"id": "microsoft.dft", "currentAvailability": "Available", "averageQueueTime":
        0, "statusPage": null}]}, {"id": "ionq", "currentAvailability": "Degraded",
        "targets": [{"id": "ionq.qpu", "currentAvailability": "Available", "averageQueueTime":
        1310137, "statusPage": "https://status.ionq.co"}, {"id": "ionq.qpu.aria-1",
        "currentAvailability": "Unavailable", "averageQueueTime": 2213305, "statusPage":
        "https://status.ionq.co"}, {"id": "ionq.qpu.aria-2", "currentAvailability":
        "Available", "averageQueueTime": 1459608, "statusPage": "https://status.ionq.co"},
        {"id": "ionq.simulator", "currentAvailability": "Available", "averageQueueTime":
        553, "statusPage": "https://status.ionq.co"}]}, {"id": "microsoft-qc", "currentAvailability":
        "Available", "targets": [{"id": "microsoft.estimator", "currentAvailability":
        "Available", "averageQueueTime": 0, "statusPage": null}]}, {"id": "pasqal",
        "currentAvailability": "Available", "targets": [{"id": "pasqal.sim.emu-tn",
        "currentAvailability": "Available", "averageQueueTime": 243, "statusPage":
        "https://pasqal.com"}, {"id": "pasqal.qpu.fresnel", "currentAvailability":
        "Available", "averageQueueTime": 102895, "statusPage": "https://pasqal.com"}]},
        {"id": "quantinuum", "currentAvailability": "Degraded", "targets": [{"id":
        "quantinuum.qpu.h1-1", "currentAvailability": "Degraded", "averageQueueTime":
        0, "statusPage": "https://www.quantinuum.com/hardware/h1"}, {"id": "quantinuum.sim.h1-1sc",
        "currentAvailability": "Available", "averageQueueTime": 4, "statusPage": "https://www.quantinuum.com/hardware/h1"},
        {"id": "quantinuum.sim.h1-1e", "currentAvailability": "Available", "averageQueueTime":
        27, "statusPage": "https://www.quantinuum.com/hardware/h1"}, {"id": "quantinuum.qpu.h2-1",
        "currentAvailability": "Available", "averageQueueTime": 5530, "statusPage":
        "https://www.quantinuum.com/hardware/h2"}, {"id": "quantinuum.sim.h2-1sc",
        "currentAvailability": "Available", "averageQueueTime": 2, "statusPage": "https://www.quantinuum.com/hardware/h2"},
        {"id": "quantinuum.sim.h2-1e", "currentAvailability": "Available", "averageQueueTime":
        1145674, "statusPage": "https://www.quantinuum.com/hardware/h2"}, {"id": "quantinuum.sim.h1-1sc-preview",
        "currentAvailability": "Available", "averageQueueTime": 4, "statusPage": "https://www.quantinuum.com/hardware/h1"},
        {"id": "quantinuum.sim.h1-1e-preview", "currentAvailability": "Available",
        "averageQueueTime": 27, "statusPage": "https://www.quantinuum.com/hardware/h1"},
        {"id": "quantinuum.sim.h1-2e-preview", "currentAvailability": "Available",
        "averageQueueTime": 838, "statusPage": "https://www.quantinuum.com/hardware/h1"},
        {"id": "quantinuum.qpu.h1-1-preview", "currentAvailability": "Degraded", "averageQueueTime":
        0, "statusPage": "https://www.quantinuum.com/hardware/h1"}]}, {"id": "rigetti",
        "currentAvailability": "Available", "targets": [{"id": "rigetti.sim.qvm",
        "currentAvailability": "Available", "averageQueueTime": 5, "statusPage": "https://rigetti.statuspage.io/"},
        {"id": "rigetti.qpu.ankaa-2", "currentAvailability": "Available", "averageQueueTime":
        5, "statusPage": "https://rigetti.statuspage.io/"}]}, {"id": "qci", "currentAvailability":
        "Degraded", "targets": [{"id": "qci.simulator", "currentAvailability": "Available",
        "averageQueueTime": 1, "statusPage": "https://quantumcircuits.com"}, {"id":
        "qci.machine1", "currentAvailability": "Unavailable", "averageQueueTime":
        1, "statusPage": "https://quantumcircuits.com"}, {"id": "qci.simulator.noisy",
        "currentAvailability": "Available", "averageQueueTime": 0, "statusPage": "https://quantumcircuits.com"}]},
        {"id": "Microsoft.Test", "currentAvailability": "Available", "targets": [{"id":
        "echo-rigetti", "currentAvailability": "Available", "averageQueueTime": 1,
        "statusPage": ""}, {"id": "echo-quantinuum", "currentAvailability": "Available",
        "averageQueueTime": 1, "statusPage": ""}, {"id": "echo-qci", "currentAvailability":
        "Available", "averageQueueTime": 1, "statusPage": ""}, {"id": "echo-ionq",
        "currentAvailability": "Available", "averageQueueTime": 1, "statusPage": ""},
        {"id": "echo-aquarius", "currentAvailability": "Available", "averageQueueTime":
        1, "statusPage": ""}, {"id": "sparse-sim-rigetti", "currentAvailability":
        "Available", "averageQueueTime": 1, "statusPage": ""}, {"id": "sparse-sim-quantinuum",
        "currentAvailability": "Available", "averageQueueTime": 1, "statusPage": ""},
        {"id": "sparse-sim-qci", "currentAvailability": "Available", "averageQueueTime":
        1, "statusPage": ""}, {"id": "sparse-sim-ionq", "currentAvailability": "Available",
        "averageQueueTime": 1, "statusPage": ""}, {"id": "echo-output", "currentAvailability":
        "Available", "averageQueueTime": 1, "statusPage": ""}]}], "nextLink": null}'
    headers:
      connection:
      - keep-alive
      content-length:
      - '4781'
      content-type:
      - application/json; charset=utf-8
      transfer-encoding:
      - chunked
    status:
      code: 200
      message: OK
- request:
    body: 'b''{"containerName": "job-00000000-0000-0000-0000-000000000001"}'''
    headers:
      Accept:
      - application/json
      Accept-Encoding:
      - gzip, deflate
      Connection:
      - keep-alive
      Content-Length:
      - '64'
      Content-Type:
      - application/json
      User-Agent:
      - testapp-azure-quantum-qiskit azsdk-python-quantum/1.2.4 Python/3.9.19 (Windows-10-10.0.22631-SP0)
    method: POST
    uri: https://eastus.quantum.azure.com/subscriptions/00000000-0000-0000-0000-000000000000/resourceGroups/myresourcegroup/providers/Microsoft.Quantum/workspaces/myworkspace/storage/sasUri?api-version=2022-09-12-preview&test-sequence-id=1
  response:
    body:
      string: '{"sasUri": "https://mystorage.blob.core.windows.net/job-00000000-0000-0000-0000-000000000001?sv=PLACEHOLDER&ss=b&srt=co&spr=https&st=2024-08-15T22%3A34%3A16Z&se=2050-01-01T00%3A00%3A00Z&sp=rwlac&sig=%2BaK8jiCCFWojhDzYihwySoMUNfZ4je0qgs9GrBgP6MA%3D"}'
    headers:
      connection:
      - keep-alive
      content-length:
      - '249'
      content-type:
      - application/json; charset=utf-8
      transfer-encoding:
      - chunked
    status:
      code: 200
      message: OK
- request:
    body: null
    headers:
      Accept:
      - application/xml
      Accept-Encoding:
      - gzip, deflate
      Connection:
      - keep-alive
      User-Agent:
      - azsdk-python-storage-blob/12.20.0 Python/3.9.19 (Windows-10-10.0.22631-SP0)
      x-ms-date:
      - Thu, 15 Aug 2024 22:34:15 GMT
      x-ms-version:
      - '2024-05-04'
    method: GET
    uri: https://mystorage.blob.core.windows.net/job-00000000-0000-0000-0000-000000000001?restype=container&sv=PLACEHOLDER&ss=b&srt=co&spr=https&st=2024-08-15T22%3A34%3A16Z&se=2050-01-01T00%3A00%3A00Z&sp=rwlac&sig=%2BaK8jiCCFWojhDzYihwySoMUNfZ4je0qgs9GrBgP6MA%3D
  response:
    body:
      string: "\uFEFF<?xml version=\"1.0\" encoding=\"utf-8\"?><Error><Code>ContainerNotFound</Code><Message>The
        specified container does not exist.\nRequestId:c482233c-201e-004b-1363-efbf39000000\nTime:2024-08-15T22:34:16.6532429Z</Message></Error>"
    headers:
      content-length:
      - '223'
      content-type:
      - application/xml
      x-ms-version:
      - '2024-05-04'
    status:
      code: 404
      message: The specified container does not exist.
- request:
    body: null
    headers:
      Accept:
      - application/xml
      Accept-Encoding:
      - gzip, deflate
      Connection:
      - keep-alive
      Content-Length:
      - '0'
      User-Agent:
      - azsdk-python-storage-blob/12.20.0 Python/3.9.19 (Windows-10-10.0.22631-SP0)
      x-ms-date:
      - Thu, 15 Aug 2024 22:34:15 GMT
      x-ms-version:
      - '2024-05-04'
    method: PUT
    uri: https://mystorage.blob.core.windows.net/job-00000000-0000-0000-0000-000000000001?restype=container&sv=PLACEHOLDER&ss=b&srt=co&spr=https&st=2024-08-15T22%3A34%3A16Z&se=2050-01-01T00%3A00%3A00Z&sp=rwlac&sig=%2BaK8jiCCFWojhDzYihwySoMUNfZ4je0qgs9GrBgP6MA%3D
  response:
    body:
      string: ''
    headers:
      content-length:
      - '0'
      x-ms-version:
      - '2024-05-04'
    status:
      code: 201
      message: Created
- request:
    body: null
    headers:
      Accept:
      - application/xml
      Accept-Encoding:
      - gzip, deflate
      Connection:
      - keep-alive
      User-Agent:
      - azsdk-python-storage-blob/12.20.0 Python/3.9.19 (Windows-10-10.0.22631-SP0)
      x-ms-date:
      - Thu, 15 Aug 2024 22:34:15 GMT
      x-ms-version:
      - '2024-05-04'
    method: GET
    uri: https://mystorage.blob.core.windows.net/job-00000000-0000-0000-0000-000000000001?restype=container&sv=PLACEHOLDER&ss=b&srt=co&spr=https&st=2024-08-15T22%3A34%3A16Z&se=2050-01-01T00%3A00%3A00Z&sp=rwlac&sig=%2BaK8jiCCFWojhDzYihwySoMUNfZ4je0qgs9GrBgP6MA%3D
  response:
    body:
      string: ''
    headers:
      content-length:
      - '0'
      x-ms-lease-state:
      - available
      x-ms-lease-status:
      - unlocked
      x-ms-version:
      - '2024-05-04'
    status:
      code: 200
      message: OK
- request:
    body: b'OPENQASM 2.0;\ninclude "qelib1.inc";\nqreg q[4];\ncreg c[3];\nh q[0];\ncx
      q[0],q[1];\ncx q[1],q[2];\nh q[3];\nmeasure q[0] -> c[0];\nmeasure q[1] -> c[1];\nmeasure
      q[2] -> c[2];'
    headers:
      Accept:
      - application/xml
      Accept-Encoding:
      - gzip, deflate
      Connection:
      - keep-alive
      Content-Length:
      - '180'
      Content-Type:
      - application/octet-stream
      User-Agent:
      - azsdk-python-storage-blob/12.20.0 Python/3.9.19 (Windows-10-10.0.22631-SP0)
      x-ms-blob-type:
      - BlockBlob
      x-ms-date:
      - Thu, 15 Aug 2024 22:34:16 GMT
      x-ms-version:
      - '2024-05-04'
    method: PUT
    uri: https://mystorage.blob.core.windows.net/job-00000000-0000-0000-0000-000000000001/inputData?sv=PLACEHOLDER&ss=b&srt=co&spr=https&st=2024-08-15T22%3A34%3A16Z&se=2050-01-01T00%3A00%3A00Z&sp=rwlac&sig=%2BaK8jiCCFWojhDzYihwySoMUNfZ4je0qgs9GrBgP6MA%3D
  response:
    body:
      string: ''
    headers:
      content-length:
      - '0'
      x-ms-version:
      - '2024-05-04'
    status:
      code: 201
      message: Created
- request:
    body: 'b''{"id": "00000000-0000-0000-0000-000000000001", "name": "Qiskit Sample
      - 3-qubit GHZ circuit", "providerId": "quantinuum", "target": "quantinuum.sim.h1-1e",
      "itemType": "Job", "containerUri": "https://mystorage.blob.core.windows.net/job-00000000-0000-0000-0000-000000000001?sv=PLACEHOLDER&ss=b&srt=co&spr=https&st=2024-08-15T22%3A34%3A16Z&se=2050-01-01T00%3A00%3A00Z&sp=rwlac&sig=%2BaK8jiCCFWojhDzYihwySoMUNfZ4je0qgs9GrBgP6MA%3D",
      "inputDataUri": "https://mystorage.blob.core.windows.net/job-00000000-0000-0000-0000-000000000001/inputData",
      "inputDataFormat": "honeywell.openqasm.v1", "inputParams": {"count": 10, "shots":
      10}, "metadata": {"qiskit": "True", "name": "Qiskit Sample - 3-qubit GHZ circuit",
      "num_qubits": "4", "metadata": "{}"}, "outputDataFormat": "honeywell.quantum-results.v1"}'''
    headers:
      Accept:
      - application/json
      Accept-Encoding:
      - gzip, deflate
      Connection:
      - keep-alive
      Content-Length:
      - '797'
      Content-Type:
      - application/json
      User-Agent:
      - testapp-azure-quantum-qiskit azsdk-python-quantum/1.2.4 Python/3.9.19 (Windows-10-10.0.22631-SP0)
    method: PUT
    uri: https://eastus.quantum.azure.com/subscriptions/00000000-0000-0000-0000-000000000000/resourceGroups/myresourcegroup/providers/Microsoft.Quantum/workspaces/myworkspace/jobs/00000000-0000-0000-0000-000000000001?api-version=2022-09-12-preview&test-sequence-id=1
  response:
    body:
      string: '{"containerUri": "https://mystorage.blob.core.windows.net/job-00000000-0000-0000-0000-000000000001?sv=PLACEHOLDER&ss=b&srt=co&spr=https&st=2024-08-15T22%3A34%3A16Z&se=2050-01-01T00%3A00%3A00Z&sp=rwlac&sig=PLACEHOLDER&ss=b&srt=co&spr=https&st=2024-08-15T22%3A34%3A16Z&se=2050-01-01T00%3A00%3A00Z&sp=rwlac&sig=%2BaK8jiCCFWojhDzYihwySoMUNfZ4je0qgs9GrBgP6MA%3D",
        "beginExecutionTime": null, "cancellationTime": null, "quantumComputingData":
        null, "errorData": null, "isCancelling": false, "tags": [], "name": "Qiskit
        Sample - 3-qubit GHZ circuit", "id": "00000000-0000-0000-0000-000000000001",
        "providerId": "quantinuum", "target": "quantinuum.sim.h1-1e", "creationTime":
        "2024-08-15T22:34:17.1996214+00:00", "endExecutionTime": null, "costEstimate":
        null, "itemType": "Job"}'
    headers:
      connection:
      - keep-alive
      content-length:
      - '771'
      content-type:
      - application/json; charset=utf-8
      transfer-encoding:
      - chunked
    status:
      code: 200
      message: OK
- request:
    body: null
    headers:
      Accept:
      - application/json
      Accept-Encoding:
      - gzip, deflate
      Connection:
      - keep-alive
      User-Agent:
      - testapp-azure-quantum-qiskit azsdk-python-quantum/1.2.4 Python/3.9.19 (Windows-10-10.0.22631-SP0)
    method: GET
    uri: https://eastus.quantum.azure.com/subscriptions/00000000-0000-0000-0000-000000000000/resourceGroups/myresourcegroup/providers/Microsoft.Quantum/workspaces/myworkspace/jobs/00000000-0000-0000-0000-000000000001?api-version=2022-09-12-preview&test-sequence-id=1
  response:
    body:
      string: '{"containerUri": "https://mystorage.blob.core.windows.net/job-00000000-0000-0000-0000-000000000001?sv=PLACEHOLDER&st=2024-08-15T22%3A34%3A17Z&se=2050-01-01T00%3A00%3A00Z&sr=c&sp=rcwl&sig=PLACEHOLDER&st=2024-08-15T22%3A34%3A17Z&se=2050-01-01T00%3A00%3A00Z&sr=b&sp=r&rscd=attachment%3B+filename%3DQiskit%2BSample%2B-%2B3-qubit%2BGHZ%2Bcircuit-00000000-0000-0000-0000-000000000001.input.json&sig=PLACEHOLDER&st=2024-08-15T22%3A34%3A17Z&se=2050-01-01T00%3A00%3A00Z&sr=b&sp=r&rscd=attachment%3B+filename%3DQiskit%2BSample%2B-%2B3-qubit%2BGHZ%2Bcircuit-00000000-0000-0000-0000-000000000001.output.json&sig=oc9FhfzplYvnVLdfvx%2BdSQcTf1eob%2BwYkG%2BSu2oZlAo%3D",
        "beginExecutionTime": null, "cancellationTime": null, "quantumComputingData":
        null, "errorData": null, "isCancelling": false, "tags": [], "name": "Qiskit
        Sample - 3-qubit GHZ circuit", "id": "00000000-0000-0000-0000-000000000001",
        "providerId": "quantinuum", "target": "quantinuum.sim.h1-1e", "creationTime":
        "2024-08-15T22:34:17.1996214+00:00", "endExecutionTime": null, "costEstimate":
        null, "itemType": "Job"}'
    headers:
      connection:
      - keep-alive
      content-length:
      - '1067'
      content-type:
      - application/json; charset=utf-8
      transfer-encoding:
      - chunked
    status:
      code: 200
      message: OK
- request:
    body: null
    headers:
      Accept:
      - application/json
      Accept-Encoding:
      - gzip, deflate
      Connection:
      - keep-alive
      User-Agent:
      - testapp-azure-quantum-qiskit azsdk-python-quantum/1.2.4 Python/3.9.19 (Windows-10-10.0.22631-SP0)
    method: GET
    uri: https://eastus.quantum.azure.com/subscriptions/00000000-0000-0000-0000-000000000000/resourceGroups/myresourcegroup/providers/Microsoft.Quantum/workspaces/myworkspace/jobs/00000000-0000-0000-0000-000000000001?api-version=2022-09-12-preview&test-sequence-id=2
  response:
    body:
      string: '{"containerUri": "https://mystorage.blob.core.windows.net/job-00000000-0000-0000-0000-000000000001?sv=PLACEHOLDER&st=2024-08-15T22%3A34%3A17Z&se=2050-01-01T00%3A00%3A00Z&sr=c&sp=rcwl&sig=PLACEHOLDER&st=2024-08-15T22%3A34%3A17Z&se=2050-01-01T00%3A00%3A00Z&sr=b&sp=r&rscd=attachment%3B+filename%3DQiskit%2BSample%2B-%2B3-qubit%2BGHZ%2Bcircuit-00000000-0000-0000-0000-000000000001.input.json&sig=PLACEHOLDER&st=2024-08-15T22%3A34%3A17Z&se=2050-01-01T00%3A00%3A00Z&sr=b&sp=r&rscd=attachment%3B+filename%3DQiskit%2BSample%2B-%2B3-qubit%2BGHZ%2Bcircuit-00000000-0000-0000-0000-000000000001.output.json&sig=oc9FhfzplYvnVLdfvx%2BdSQcTf1eob%2BwYkG%2BSu2oZlAo%3D",
        "beginExecutionTime": null, "cancellationTime": null, "quantumComputingData":
        {"count": 1}, "errorData": null, "isCancelling": false, "tags": [], "name":
        "Qiskit Sample - 3-qubit GHZ circuit", "id": "00000000-0000-0000-0000-000000000001",
        "providerId": "quantinuum", "target": "quantinuum.sim.h1-1e", "creationTime":
        "2024-08-15T22:34:17.1996214+00:00", "endExecutionTime": null, "costEstimate":
        null, "itemType": "Job"}'
    headers:
      connection:
      - keep-alive
      content-length:
      - '1075'
      content-type:
      - application/json; charset=utf-8
      transfer-encoding:
      - chunked
    status:
      code: 200
      message: OK
- request:
    body: null
    headers:
      Accept:
      - application/json
      Accept-Encoding:
      - gzip, deflate
      Connection:
      - keep-alive
      User-Agent:
      - testapp-azure-quantum-qiskit azsdk-python-quantum/1.2.4 Python/3.9.19 (Windows-10-10.0.22631-SP0)
    method: GET
    uri: https://eastus.quantum.azure.com/subscriptions/00000000-0000-0000-0000-000000000000/resourceGroups/myresourcegroup/providers/Microsoft.Quantum/workspaces/myworkspace/jobs/00000000-0000-0000-0000-000000000001?api-version=2022-09-12-preview&test-sequence-id=3
  response:
    body:
      string: '{"containerUri": "https://mystorage.blob.core.windows.net/job-00000000-0000-0000-0000-000000000001?sv=PLACEHOLDER&st=2024-08-15T22%3A34%3A17Z&se=2050-01-01T00%3A00%3A00Z&sr=c&sp=rcwl&sig=PLACEHOLDER&st=2024-08-15T22%3A34%3A17Z&se=2050-01-01T00%3A00%3A00Z&sr=b&sp=r&rscd=attachment%3B+filename%3DQiskit%2BSample%2B-%2B3-qubit%2BGHZ%2Bcircuit-00000000-0000-0000-0000-000000000001.input.json&sig=PLACEHOLDER&st=2024-08-15T22%3A34%3A17Z&se=2050-01-01T00%3A00%3A00Z&sr=b&sp=r&rscd=attachment%3B+filename%3DQiskit%2BSample%2B-%2B3-qubit%2BGHZ%2Bcircuit-00000000-0000-0000-0000-000000000001.output.json&sig=oc9FhfzplYvnVLdfvx%2BdSQcTf1eob%2BwYkG%2BSu2oZlAo%3D",
        "beginExecutionTime": null, "cancellationTime": null, "quantumComputingData":
        {"count": 1}, "errorData": null, "isCancelling": false, "tags": [], "name":
        "Qiskit Sample - 3-qubit GHZ circuit", "id": "00000000-0000-0000-0000-000000000001",
        "providerId": "quantinuum", "target": "quantinuum.sim.h1-1e", "creationTime":
        "2024-08-15T22:34:17.1996214+00:00", "endExecutionTime": null, "costEstimate":
        null, "itemType": "Job"}'
    headers:
      connection:
      - keep-alive
      content-length:
      - '1075'
      content-type:
      - application/json; charset=utf-8
      transfer-encoding:
      - chunked
    status:
      code: 200
      message: OK
- request:
    body: null
    headers:
      Accept:
      - application/json
      Accept-Encoding:
      - gzip, deflate
      Connection:
      - keep-alive
      User-Agent:
      - testapp-azure-quantum-qiskit azsdk-python-quantum/1.2.4 Python/3.9.19 (Windows-10-10.0.22631-SP0)
    method: GET
    uri: https://eastus.quantum.azure.com/subscriptions/00000000-0000-0000-0000-000000000000/resourceGroups/myresourcegroup/providers/Microsoft.Quantum/workspaces/myworkspace/jobs/00000000-0000-0000-0000-000000000001?api-version=2022-09-12-preview&test-sequence-id=4
  response:
    body:
      string: '{"containerUri": "https://mystorage.blob.core.windows.net/job-00000000-0000-0000-0000-000000000001?sv=PLACEHOLDER&st=2024-08-15T22%3A34%3A18Z&se=2050-01-01T00%3A00%3A00Z&sr=c&sp=rcwl&sig=PLACEHOLDER&st=2024-08-15T22%3A34%3A18Z&se=2050-01-01T00%3A00%3A00Z&sr=b&sp=r&rscd=attachment%3B+filename%3DQiskit%2BSample%2B-%2B3-qubit%2BGHZ%2Bcircuit-00000000-0000-0000-0000-000000000001.input.json&sig=PLACEHOLDER&st=2024-08-15T22%3A34%3A18Z&se=2050-01-01T00%3A00%3A00Z&sr=b&sp=r&rscd=attachment%3B+filename%3DQiskit%2BSample%2B-%2B3-qubit%2BGHZ%2Bcircuit-00000000-0000-0000-0000-000000000001.output.json&sig=Ps4kTHrRIAGm1s86M5YmPaHpuQktE1lITSdnaVp0UEU%3D",
        "beginExecutionTime": null, "cancellationTime": null, "quantumComputingData":
        {"count": 1}, "errorData": null, "isCancelling": false, "tags": [], "name":
        "Qiskit Sample - 3-qubit GHZ circuit", "id": "00000000-0000-0000-0000-000000000001",
        "providerId": "quantinuum", "target": "quantinuum.sim.h1-1e", "creationTime":
        "2024-08-15T22:34:17.1996214+00:00", "endExecutionTime": null, "costEstimate":
        null, "itemType": "Job"}'
    headers:
      connection:
      - keep-alive
      content-length:
      - '1069'
      content-type:
      - application/json; charset=utf-8
      transfer-encoding:
      - chunked
    status:
      code: 200
      message: OK
- request:
    body: null
    headers:
      Accept:
      - application/json
      Accept-Encoding:
      - gzip, deflate
      Connection:
      - keep-alive
      User-Agent:
      - testapp-azure-quantum-qiskit azsdk-python-quantum/1.2.4 Python/3.9.19 (Windows-10-10.0.22631-SP0)
    method: GET
    uri: https://eastus.quantum.azure.com/subscriptions/00000000-0000-0000-0000-000000000000/resourceGroups/myresourcegroup/providers/Microsoft.Quantum/workspaces/myworkspace/jobs/00000000-0000-0000-0000-000000000001?api-version=2022-09-12-preview&test-sequence-id=5
  response:
    body:
      string: '{"containerUri": "https://mystorage.blob.core.windows.net/job-00000000-0000-0000-0000-000000000001?sv=PLACEHOLDER&st=2024-08-15T22%3A34%3A19Z&se=2050-01-01T00%3A00%3A00Z&sr=c&sp=rcwl&sig=PLACEHOLDER&st=2024-08-15T22%3A34%3A19Z&se=2050-01-01T00%3A00%3A00Z&sr=b&sp=r&rscd=attachment%3B+filename%3DQiskit%2BSample%2B-%2B3-qubit%2BGHZ%2Bcircuit-00000000-0000-0000-0000-000000000001.input.json&sig=PLACEHOLDER&st=2024-08-15T22%3A34%3A19Z&se=2050-01-01T00%3A00%3A00Z&sr=b&sp=r&rscd=attachment%3B+filename%3DQiskit%2BSample%2B-%2B3-qubit%2BGHZ%2Bcircuit-00000000-0000-0000-0000-000000000001.output.json&sig=sSgNBkkq9eQ7ifOPNzQ4d6c9724lSfOQeVq2aZMlYHg%3D",
        "beginExecutionTime": null, "cancellationTime": null, "quantumComputingData":
        {"count": 1}, "errorData": null, "isCancelling": false, "tags": [], "name":
        "Qiskit Sample - 3-qubit GHZ circuit", "id": "00000000-0000-0000-0000-000000000001",
        "providerId": "quantinuum", "target": "quantinuum.sim.h1-1e", "creationTime":
        "2024-08-15T22:34:17.1996214+00:00", "endExecutionTime": null, "costEstimate":
        null, "itemType": "Job"}'
    headers:
      connection:
      - keep-alive
      content-length:
      - '1069'
      content-type:
      - application/json; charset=utf-8
      transfer-encoding:
      - chunked
    status:
      code: 200
      message: OK
- request:
    body: null
    headers:
      Accept:
      - application/json
      Accept-Encoding:
      - gzip, deflate
      Connection:
      - keep-alive
      User-Agent:
      - testapp-azure-quantum-qiskit azsdk-python-quantum/1.2.4 Python/3.9.19 (Windows-10-10.0.22631-SP0)
    method: GET
    uri: https://eastus.quantum.azure.com/subscriptions/00000000-0000-0000-0000-000000000000/resourceGroups/myresourcegroup/providers/Microsoft.Quantum/workspaces/myworkspace/jobs/00000000-0000-0000-0000-000000000001?api-version=2022-09-12-preview&test-sequence-id=6
  response:
    body:
      string: '{"containerUri": "https://mystorage.blob.core.windows.net/job-00000000-0000-0000-0000-000000000001?sv=PLACEHOLDER&st=2024-08-15T22%3A34%3A20Z&se=2050-01-01T00%3A00%3A00Z&sr=c&sp=rcwl&sig=PLACEHOLDER&st=2024-08-15T22%3A34%3A20Z&se=2050-01-01T00%3A00%3A00Z&sr=b&sp=r&rscd=attachment%3B+filename%3DQiskit%2BSample%2B-%2B3-qubit%2BGHZ%2Bcircuit-00000000-0000-0000-0000-000000000001.input.json&sig=PLACEHOLDER&st=2024-08-15T22%3A34%3A20Z&se=2050-01-01T00%3A00%3A00Z&sr=b&sp=r&rscd=attachment%3B+filename%3DQiskit%2BSample%2B-%2B3-qubit%2BGHZ%2Bcircuit-00000000-0000-0000-0000-000000000001.output.json&sig=QtHQo6%2FUuNKWAytdB6TiOLJMqKBAVmf%2BuUIJUkcM7xc%3D",
        "beginExecutionTime": null, "cancellationTime": null, "quantumComputingData":
        {"count": 1}, "errorData": null, "isCancelling": false, "tags": [], "name":
        "Qiskit Sample - 3-qubit GHZ circuit", "id": "00000000-0000-0000-0000-000000000001",
        "providerId": "quantinuum", "target": "quantinuum.sim.h1-1e", "creationTime":
        "2024-08-15T22:34:17.1996214+00:00", "endExecutionTime": null, "costEstimate":
        null, "itemType": "Job"}'
    headers:
      connection:
      - keep-alive
      content-length:
      - '1073'
      content-type:
      - application/json; charset=utf-8
      transfer-encoding:
      - chunked
    status:
      code: 200
      message: OK
- request:
    body: null
    headers:
      Accept:
      - application/json
      Accept-Encoding:
      - gzip, deflate
      Connection:
      - keep-alive
      User-Agent:
      - testapp-azure-quantum-qiskit azsdk-python-quantum/1.2.4 Python/3.9.19 (Windows-10-10.0.22631-SP0)
    method: GET
    uri: https://eastus.quantum.azure.com/subscriptions/00000000-0000-0000-0000-000000000000/resourceGroups/myresourcegroup/providers/Microsoft.Quantum/workspaces/myworkspace/jobs/00000000-0000-0000-0000-000000000001?api-version=2022-09-12-preview&test-sequence-id=7
  response:
    body:
      string: '{"containerUri": "https://mystorage.blob.core.windows.net/job-00000000-0000-0000-0000-000000000001?sv=PLACEHOLDER&st=2024-08-15T22%3A34%3A21Z&se=2050-01-01T00%3A00%3A00Z&sr=c&sp=rcwl&sig=PLACEHOLDER&st=2024-08-15T22%3A34%3A21Z&se=2050-01-01T00%3A00%3A00Z&sr=b&sp=r&rscd=attachment%3B+filename%3DQiskit%2BSample%2B-%2B3-qubit%2BGHZ%2Bcircuit-00000000-0000-0000-0000-000000000001.input.json&sig=PLACEHOLDER&st=2024-08-15T22%3A34%3A21Z&se=2050-01-01T00%3A00%3A00Z&sr=b&sp=r&rscd=attachment%3B+filename%3DQiskit%2BSample%2B-%2B3-qubit%2BGHZ%2Bcircuit-00000000-0000-0000-0000-000000000001.output.json&sig=sfXY700amWkmbqtAt%2FB4AsPXlWV2NwuuLbXOYM7dTvI%3D",
        "beginExecutionTime": null, "cancellationTime": null, "quantumComputingData":
        {"count": 1}, "errorData": null, "isCancelling": false, "tags": [], "name":
        "Qiskit Sample - 3-qubit GHZ circuit", "id": "00000000-0000-0000-0000-000000000001",
        "providerId": "quantinuum", "target": "quantinuum.sim.h1-1e", "creationTime":
        "2024-08-15T22:34:17.1996214+00:00", "endExecutionTime": null, "costEstimate":
        null, "itemType": "Job"}'
    headers:
      connection:
      - keep-alive
      content-length:
      - '1071'
      content-type:
      - application/json; charset=utf-8
      transfer-encoding:
      - chunked
    status:
      code: 200
      message: OK
- request:
    body: null
    headers:
      Accept:
      - application/json
      Accept-Encoding:
      - gzip, deflate
      Connection:
      - keep-alive
      User-Agent:
      - testapp-azure-quantum-qiskit azsdk-python-quantum/1.2.4 Python/3.9.19 (Windows-10-10.0.22631-SP0)
    method: GET
    uri: https://eastus.quantum.azure.com/subscriptions/00000000-0000-0000-0000-000000000000/resourceGroups/myresourcegroup/providers/Microsoft.Quantum/workspaces/myworkspace/jobs/00000000-0000-0000-0000-000000000001?api-version=2022-09-12-preview&test-sequence-id=8
  response:
    body:
      string: '{"containerUri": "https://mystorage.blob.core.windows.net/job-00000000-0000-0000-0000-000000000001?sv=PLACEHOLDER&st=2024-08-15T22%3A34%3A24Z&se=2050-01-01T00%3A00%3A00Z&sr=c&sp=rcwl&sig=PLACEHOLDER&st=2024-08-15T22%3A34%3A24Z&se=2050-01-01T00%3A00%3A00Z&sr=b&sp=r&rscd=attachment%3B+filename%3DQiskit%2BSample%2B-%2B3-qubit%2BGHZ%2Bcircuit-00000000-0000-0000-0000-000000000001.input.json&sig=PLACEHOLDER&st=2024-08-15T22%3A34%3A24Z&se=2050-01-01T00%3A00%3A00Z&sr=b&sp=r&rscd=attachment%3B+filename%3DQiskit%2BSample%2B-%2B3-qubit%2BGHZ%2Bcircuit-00000000-0000-0000-0000-000000000001.output.json&sig=vt2ly7eqZybNKvpj55DCOd2avHW%2FYv4PgWB28L0zdow%3D",
        "beginExecutionTime": null, "cancellationTime": null, "quantumComputingData":
        {"count": 1}, "errorData": null, "isCancelling": false, "tags": [], "name":
        "Qiskit Sample - 3-qubit GHZ circuit", "id": "00000000-0000-0000-0000-000000000001",
        "providerId": "quantinuum", "target": "quantinuum.sim.h1-1e", "creationTime":
        "2024-08-15T22:34:17.1996214+00:00", "endExecutionTime": null, "costEstimate":
        null, "itemType": "Job"}'
    headers:
      connection:
      - keep-alive
      content-length:
      - '1071'
      content-type:
      - application/json; charset=utf-8
      transfer-encoding:
      - chunked
    status:
      code: 200
      message: OK
- request:
    body: null
    headers:
      Accept:
      - application/json
      Accept-Encoding:
      - gzip, deflate
      Connection:
      - keep-alive
      User-Agent:
      - testapp-azure-quantum-qiskit azsdk-python-quantum/1.2.4 Python/3.9.19 (Windows-10-10.0.22631-SP0)
    method: GET
    uri: https://eastus.quantum.azure.com/subscriptions/00000000-0000-0000-0000-000000000000/resourceGroups/myresourcegroup/providers/Microsoft.Quantum/workspaces/myworkspace/jobs/00000000-0000-0000-0000-000000000001?api-version=2022-09-12-preview&test-sequence-id=9
  response:
    body:
      string: '{"containerUri": "https://mystorage.blob.core.windows.net/job-00000000-0000-0000-0000-000000000001?sv=PLACEHOLDER&st=2024-08-15T22%3A34%3A27Z&se=2050-01-01T00%3A00%3A00Z&sr=c&sp=rcwl&sig=PLACEHOLDER&st=2024-08-15T22%3A34%3A27Z&se=2050-01-01T00%3A00%3A00Z&sr=b&sp=r&rscd=attachment%3B+filename%3DQiskit%2BSample%2B-%2B3-qubit%2BGHZ%2Bcircuit-00000000-0000-0000-0000-000000000001.input.json&sig=PLACEHOLDER&st=2024-08-15T22%3A34%3A27Z&se=2050-01-01T00%3A00%3A00Z&sr=b&sp=r&rscd=attachment%3B+filename%3DQiskit%2BSample%2B-%2B3-qubit%2BGHZ%2Bcircuit-00000000-0000-0000-0000-000000000001.output.json&sig=N4wvnBZNj3GRUZWd%2FGcntPtIBhxl2rgVWsaAePMvfOw%3D",
        "beginExecutionTime": null, "cancellationTime": null, "quantumComputingData":
        {"count": 1}, "errorData": null, "isCancelling": false, "tags": [], "name":
        "Qiskit Sample - 3-qubit GHZ circuit", "id": "00000000-0000-0000-0000-000000000001",
        "providerId": "quantinuum", "target": "quantinuum.sim.h1-1e", "creationTime":
        "2024-08-15T22:34:17.1996214+00:00", "endExecutionTime": null, "costEstimate":
        null, "itemType": "Job"}'
    headers:
      connection:
      - keep-alive
      content-length:
      - '1071'
      content-type:
      - application/json; charset=utf-8
      transfer-encoding:
      - chunked
    status:
      code: 200
      message: OK
- request:
    body: null
    headers:
      Accept:
      - application/json
      Accept-Encoding:
      - gzip, deflate
      Connection:
      - keep-alive
      User-Agent:
      - testapp-azure-quantum-qiskit azsdk-python-quantum/1.2.4 Python/3.9.19 (Windows-10-10.0.22631-SP0)
    method: GET
    uri: https://eastus.quantum.azure.com/subscriptions/00000000-0000-0000-0000-000000000000/resourceGroups/myresourcegroup/providers/Microsoft.Quantum/workspaces/myworkspace/jobs/00000000-0000-0000-0000-000000000001?api-version=2022-09-12-preview&test-sequence-id=10
  response:
    body:
      string: '{"containerUri": "https://mystorage.blob.core.windows.net/job-00000000-0000-0000-0000-000000000001?sv=PLACEHOLDER&st=2024-08-15T22%3A34%3A32Z&se=2050-01-01T00%3A00%3A00Z&sr=c&sp=rcwl&sig=PLACEHOLDER&st=2024-08-15T22%3A34%3A32Z&se=2050-01-01T00%3A00%3A00Z&sr=b&sp=r&rscd=attachment%3B+filename%3DQiskit%2BSample%2B-%2B3-qubit%2BGHZ%2Bcircuit-00000000-0000-0000-0000-000000000001.input.json&sig=PLACEHOLDER&st=2024-08-15T22%3A34%3A32Z&se=2050-01-01T00%3A00%3A00Z&sr=b&sp=r&rscd=attachment%3B+filename%3DQiskit%2BSample%2B-%2B3-qubit%2BGHZ%2Bcircuit-00000000-0000-0000-0000-000000000001.output.json&sig=X22EnBz3QMM2wCtrX41ctOHTDcs9WrmZ777AhPS%2BsNI%3D",
        "beginExecutionTime": "2024-08-15T22:34:31.867262+00:00", "cancellationTime":
        null, "quantumComputingData": {"count": 1}, "errorData": null, "isCancelling":
        false, "tags": [], "name": "Qiskit Sample - 3-qubit GHZ circuit", "id": "00000000-0000-0000-0000-000000000001",
        "providerId": "quantinuum", "target": "quantinuum.sim.h1-1e", "creationTime":
        "2024-08-15T22:34:17.1996214+00:00", "endExecutionTime": null, "costEstimate":
        null, "itemType": "Job"}'
    headers:
      connection:
      - keep-alive
      content-length:
      - '1101'
      content-type:
      - application/json; charset=utf-8
      transfer-encoding:
      - chunked
    status:
      code: 200
      message: OK
- request:
    body: null
    headers:
      Accept:
      - application/json
      Accept-Encoding:
      - gzip, deflate
      Connection:
      - keep-alive
      User-Agent:
      - testapp-azure-quantum-qiskit azsdk-python-quantum/1.2.4 Python/3.9.19 (Windows-10-10.0.22631-SP0)
    method: GET
    uri: https://eastus.quantum.azure.com/subscriptions/00000000-0000-0000-0000-000000000000/resourceGroups/myresourcegroup/providers/Microsoft.Quantum/workspaces/myworkspace/jobs/00000000-0000-0000-0000-000000000001?api-version=2022-09-12-preview&test-sequence-id=11
  response:
    body:
      string: '{"containerUri": "https://mystorage.blob.core.windows.net/job-00000000-0000-0000-0000-000000000001?sv=PLACEHOLDER&st=2024-08-15T22%3A34%3A40Z&se=2050-01-01T00%3A00%3A00Z&sr=c&sp=rcwl&sig=PLACEHOLDER&st=2024-08-15T22%3A34%3A40Z&se=2050-01-01T00%3A00%3A00Z&sr=b&sp=r&rscd=attachment%3B+filename%3DQiskit%2BSample%2B-%2B3-qubit%2BGHZ%2Bcircuit-00000000-0000-0000-0000-000000000001.input.json&sig=PLACEHOLDER&st=2024-08-15T22%3A34%3A40Z&se=2050-01-01T00%3A00%3A00Z&sr=b&sp=r&rscd=attachment%3B+filename%3DQiskit%2BSample%2B-%2B3-qubit%2BGHZ%2Bcircuit-00000000-0000-0000-0000-000000000001.output.json&sig=86G6d6B82zNq70denFQHd3TCtKn8sHpBtxZC1%2FsffyE%3D",
        "beginExecutionTime": "2024-08-15T22:34:31.867262+00:00", "cancellationTime":
        null, "quantumComputingData": {"count": 1}, "errorData": null, "isCancelling":
        false, "tags": [], "name": "Qiskit Sample - 3-qubit GHZ circuit", "id": "00000000-0000-0000-0000-000000000001",
        "providerId": "quantinuum", "target": "quantinuum.sim.h1-1e", "creationTime":
        "2024-08-15T22:34:17.1996214+00:00", "endExecutionTime": "2024-08-15T22:34:32.184673+00:00",
        "costEstimate": {"currencyCode": "USD", "events": [{"dimensionId": "ehqc",
        "dimensionName": "EHQC", "measureUnit": "hqc", "amountBilled": 5.12, "amountConsumed":
        5.12, "unitPrice": 0.0}], "estimatedTotal": 0.0}, "itemType": "Job"}'
    headers:
      connection:
      - keep-alive
      content-length:
      - '1321'
      content-type:
      - application/json; charset=utf-8
      transfer-encoding:
      - chunked
    status:
      code: 200
      message: OK
- request:
    body: null
    headers:
      Accept:
      - application/json
      Accept-Encoding:
      - gzip, deflate
      Connection:
      - keep-alive
      User-Agent:
      - testapp-azure-quantum-qiskit azsdk-python-quantum/1.2.4 Python/3.9.19 (Windows-10-10.0.22631-SP0)
    method: GET
    uri: https://eastus.quantum.azure.com/subscriptions/00000000-0000-0000-0000-000000000000/resourceGroups/myresourcegroup/providers/Microsoft.Quantum/workspaces/myworkspace/jobs/00000000-0000-0000-0000-000000000001?api-version=2022-09-12-preview&test-sequence-id=12
  response:
    body:
      string: '{"containerUri": "https://mystorage.blob.core.windows.net/job-00000000-0000-0000-0000-000000000001?sv=PLACEHOLDER&st=2024-08-15T22%3A34%3A40Z&se=2050-01-01T00%3A00%3A00Z&sr=c&sp=rcwl&sig=PLACEHOLDER&st=2024-08-15T22%3A34%3A40Z&se=2050-01-01T00%3A00%3A00Z&sr=b&sp=r&rscd=attachment%3B+filename%3DQiskit%2BSample%2B-%2B3-qubit%2BGHZ%2Bcircuit-00000000-0000-0000-0000-000000000001.input.json&sig=PLACEHOLDER&st=2024-08-15T22%3A34%3A40Z&se=2050-01-01T00%3A00%3A00Z&sr=b&sp=r&rscd=attachment%3B+filename%3DQiskit%2BSample%2B-%2B3-qubit%2BGHZ%2Bcircuit-00000000-0000-0000-0000-000000000001.output.json&sig=86G6d6B82zNq70denFQHd3TCtKn8sHpBtxZC1%2FsffyE%3D",
        "beginExecutionTime": "2024-08-15T22:34:31.867262+00:00", "cancellationTime":
        null, "quantumComputingData": {"count": 1}, "errorData": null, "isCancelling":
        false, "tags": [], "name": "Qiskit Sample - 3-qubit GHZ circuit", "id": "00000000-0000-0000-0000-000000000001",
        "providerId": "quantinuum", "target": "quantinuum.sim.h1-1e", "creationTime":
        "2024-08-15T22:34:17.1996214+00:00", "endExecutionTime": "2024-08-15T22:34:32.184673+00:00",
        "costEstimate": {"currencyCode": "USD", "events": [{"dimensionId": "ehqc",
        "dimensionName": "EHQC", "measureUnit": "hqc", "amountBilled": 5.12, "amountConsumed":
        5.12, "unitPrice": 0.0}], "estimatedTotal": 0.0}, "itemType": "Job"}'
    headers:
      connection:
      - keep-alive
      content-length:
      - '1321'
      content-type:
      - application/json; charset=utf-8
      transfer-encoding:
      - chunked
    status:
      code: 200
      message: OK
- request:
    body: null
    headers:
      Accept:
      - application/json
      Accept-Encoding:
      - gzip, deflate
      Connection:
      - keep-alive
      User-Agent:
      - testapp-azure-quantum-qiskit azsdk-python-quantum/1.2.4 Python/3.9.19 (Windows-10-10.0.22631-SP0)
    method: GET
    uri: https://eastus.quantum.azure.com/subscriptions/00000000-0000-0000-0000-000000000000/resourceGroups/myresourcegroup/providers/Microsoft.Quantum/workspaces/myworkspace/jobs/00000000-0000-0000-0000-000000000001?api-version=2022-09-12-preview&test-sequence-id=13
  response:
    body:
      string: '{"containerUri": "https://mystorage.blob.core.windows.net/job-00000000-0000-0000-0000-000000000001?sv=PLACEHOLDER&st=2024-08-15T22%3A34%3A40Z&se=2050-01-01T00%3A00%3A00Z&sr=c&sp=rcwl&sig=PLACEHOLDER&st=2024-08-15T22%3A34%3A40Z&se=2050-01-01T00%3A00%3A00Z&sr=b&sp=r&rscd=attachment%3B+filename%3DQiskit%2BSample%2B-%2B3-qubit%2BGHZ%2Bcircuit-00000000-0000-0000-0000-000000000001.input.json&sig=PLACEHOLDER&st=2024-08-15T22%3A34%3A40Z&se=2050-01-01T00%3A00%3A00Z&sr=b&sp=r&rscd=attachment%3B+filename%3DQiskit%2BSample%2B-%2B3-qubit%2BGHZ%2Bcircuit-00000000-0000-0000-0000-000000000001.output.json&sig=86G6d6B82zNq70denFQHd3TCtKn8sHpBtxZC1%2FsffyE%3D",
        "beginExecutionTime": "2024-08-15T22:34:31.867262+00:00", "cancellationTime":
        null, "quantumComputingData": {"count": 1}, "errorData": null, "isCancelling":
        false, "tags": [], "name": "Qiskit Sample - 3-qubit GHZ circuit", "id": "00000000-0000-0000-0000-000000000001",
        "providerId": "quantinuum", "target": "quantinuum.sim.h1-1e", "creationTime":
        "2024-08-15T22:34:17.1996214+00:00", "endExecutionTime": "2024-08-15T22:34:32.184673+00:00",
        "costEstimate": {"currencyCode": "USD", "events": [{"dimensionId": "ehqc",
        "dimensionName": "EHQC", "measureUnit": "hqc", "amountBilled": 5.12, "amountConsumed":
        5.12, "unitPrice": 0.0}], "estimatedTotal": 0.0}, "itemType": "Job"}'
    headers:
      connection:
      - keep-alive
      content-length:
      - '1321'
      content-type:
      - application/json; charset=utf-8
      transfer-encoding:
      - chunked
    status:
      code: 200
      message: OK
- request:
    body: null
    headers:
      Accept:
      - application/json
      Accept-Encoding:
      - gzip, deflate
      Connection:
      - keep-alive
      User-Agent:
      - testapp-azure-quantum-qiskit azsdk-python-quantum/1.2.4 Python/3.9.19 (Windows-10-10.0.22631-SP0)
    method: GET
    uri: https://eastus.quantum.azure.com/subscriptions/00000000-0000-0000-0000-000000000000/resourceGroups/myresourcegroup/providers/Microsoft.Quantum/workspaces/myworkspace/providerStatus?api-version=2022-09-12-preview&test-sequence-id=2
  response:
    body:
      string: '{"value": [{"id": "microsoft-elements", "currentAvailability": "Available",
        "targets": [{"id": "microsoft.dft", "currentAvailability": "Available", "averageQueueTime":
        0, "statusPage": null}]}, {"id": "ionq", "currentAvailability": "Degraded",
        "targets": [{"id": "ionq.qpu", "currentAvailability": "Available", "averageQueueTime":
        1310137, "statusPage": "https://status.ionq.co"}, {"id": "ionq.qpu.aria-1",
        "currentAvailability": "Unavailable", "averageQueueTime": 2213305, "statusPage":
        "https://status.ionq.co"}, {"id": "ionq.qpu.aria-2", "currentAvailability":
        "Available", "averageQueueTime": 1459608, "statusPage": "https://status.ionq.co"},
        {"id": "ionq.simulator", "currentAvailability": "Available", "averageQueueTime":
        553, "statusPage": "https://status.ionq.co"}]}, {"id": "microsoft-qc", "currentAvailability":
        "Available", "targets": [{"id": "microsoft.estimator", "currentAvailability":
        "Available", "averageQueueTime": 0, "statusPage": null}]}, {"id": "pasqal",
        "currentAvailability": "Available", "targets": [{"id": "pasqal.sim.emu-tn",
        "currentAvailability": "Available", "averageQueueTime": 243, "statusPage":
        "https://pasqal.com"}, {"id": "pasqal.qpu.fresnel", "currentAvailability":
        "Available", "averageQueueTime": 102895, "statusPage": "https://pasqal.com"}]},
        {"id": "quantinuum", "currentAvailability": "Degraded", "targets": [{"id":
        "quantinuum.qpu.h1-1", "currentAvailability": "Degraded", "averageQueueTime":
        0, "statusPage": "https://www.quantinuum.com/hardware/h1"}, {"id": "quantinuum.sim.h1-1sc",
        "currentAvailability": "Available", "averageQueueTime": 4, "statusPage": "https://www.quantinuum.com/hardware/h1"},
        {"id": "quantinuum.sim.h1-1e", "currentAvailability": "Available", "averageQueueTime":
        27, "statusPage": "https://www.quantinuum.com/hardware/h1"}, {"id": "quantinuum.qpu.h2-1",
        "currentAvailability": "Available", "averageQueueTime": 5530, "statusPage":
        "https://www.quantinuum.com/hardware/h2"}, {"id": "quantinuum.sim.h2-1sc",
        "currentAvailability": "Available", "averageQueueTime": 2, "statusPage": "https://www.quantinuum.com/hardware/h2"},
        {"id": "quantinuum.sim.h2-1e", "currentAvailability": "Available", "averageQueueTime":
        1145674, "statusPage": "https://www.quantinuum.com/hardware/h2"}, {"id": "quantinuum.sim.h1-1sc-preview",
        "currentAvailability": "Available", "averageQueueTime": 4, "statusPage": "https://www.quantinuum.com/hardware/h1"},
        {"id": "quantinuum.sim.h1-1e-preview", "currentAvailability": "Available",
        "averageQueueTime": 27, "statusPage": "https://www.quantinuum.com/hardware/h1"},
        {"id": "quantinuum.sim.h1-2e-preview", "currentAvailability": "Available",
        "averageQueueTime": 838, "statusPage": "https://www.quantinuum.com/hardware/h1"},
        {"id": "quantinuum.qpu.h1-1-preview", "currentAvailability": "Degraded", "averageQueueTime":
        0, "statusPage": "https://www.quantinuum.com/hardware/h1"}]}, {"id": "rigetti",
        "currentAvailability": "Available", "targets": [{"id": "rigetti.sim.qvm",
        "currentAvailability": "Available", "averageQueueTime": 5, "statusPage": "https://rigetti.statuspage.io/"},
        {"id": "rigetti.qpu.ankaa-2", "currentAvailability": "Available", "averageQueueTime":
        5, "statusPage": "https://rigetti.statuspage.io/"}]}, {"id": "qci", "currentAvailability":
        "Degraded", "targets": [{"id": "qci.simulator", "currentAvailability": "Available",
        "averageQueueTime": 1, "statusPage": "https://quantumcircuits.com"}, {"id":
        "qci.machine1", "currentAvailability": "Unavailable", "averageQueueTime":
        1, "statusPage": "https://quantumcircuits.com"}, {"id": "qci.simulator.noisy",
        "currentAvailability": "Available", "averageQueueTime": 0, "statusPage": "https://quantumcircuits.com"}]},
        {"id": "Microsoft.Test", "currentAvailability": "Available", "targets": [{"id":
        "echo-rigetti", "currentAvailability": "Available", "averageQueueTime": 1,
        "statusPage": ""}, {"id": "echo-quantinuum", "currentAvailability": "Available",
        "averageQueueTime": 1, "statusPage": ""}, {"id": "echo-qci", "currentAvailability":
        "Available", "averageQueueTime": 1, "statusPage": ""}, {"id": "echo-ionq",
        "currentAvailability": "Available", "averageQueueTime": 1, "statusPage": ""},
        {"id": "echo-aquarius", "currentAvailability": "Available", "averageQueueTime":
        1, "statusPage": ""}, {"id": "sparse-sim-rigetti", "currentAvailability":
        "Available", "averageQueueTime": 1, "statusPage": ""}, {"id": "sparse-sim-quantinuum",
        "currentAvailability": "Available", "averageQueueTime": 1, "statusPage": ""},
        {"id": "sparse-sim-qci", "currentAvailability": "Available", "averageQueueTime":
        1, "statusPage": ""}, {"id": "sparse-sim-ionq", "currentAvailability": "Available",
        "averageQueueTime": 1, "statusPage": ""}, {"id": "echo-output", "currentAvailability":
        "Available", "averageQueueTime": 1, "statusPage": ""}]}], "nextLink": null}'
    headers:
      connection:
      - keep-alive
      content-length:
      - '4781'
      content-type:
      - application/json; charset=utf-8
      transfer-encoding:
      - chunked
    status:
      code: 200
      message: OK
- request:
    body: null
    headers:
      Accept:
      - application/json
      Accept-Encoding:
      - gzip, deflate
      Connection:
      - keep-alive
      User-Agent:
      - testapp-azure-quantum-qiskit azsdk-python-quantum/1.2.4 Python/3.9.19 (Windows-10-10.0.22631-SP0)
    method: GET
    uri: https://eastus.quantum.azure.com/subscriptions/00000000-0000-0000-0000-000000000000/resourceGroups/myresourcegroup/providers/Microsoft.Quantum/workspaces/myworkspace/jobs/00000000-0000-0000-0000-000000000001?api-version=2022-09-12-preview&test-sequence-id=14
  response:
    body:
      string: '{"containerUri": "https://mystorage.blob.core.windows.net/job-00000000-0000-0000-0000-000000000001?sv=PLACEHOLDER&st=2024-08-15T22%3A34%3A40Z&se=2050-01-01T00%3A00%3A00Z&sr=c&sp=rcwl&sig=PLACEHOLDER&st=2024-08-15T22%3A34%3A40Z&se=2050-01-01T00%3A00%3A00Z&sr=b&sp=r&rscd=attachment%3B+filename%3DQiskit%2BSample%2B-%2B3-qubit%2BGHZ%2Bcircuit-00000000-0000-0000-0000-000000000001.input.json&sig=PLACEHOLDER&st=2024-08-15T22%3A34%3A40Z&se=2050-01-01T00%3A00%3A00Z&sr=b&sp=r&rscd=attachment%3B+filename%3DQiskit%2BSample%2B-%2B3-qubit%2BGHZ%2Bcircuit-00000000-0000-0000-0000-000000000001.output.json&sig=86G6d6B82zNq70denFQHd3TCtKn8sHpBtxZC1%2FsffyE%3D",
        "beginExecutionTime": "2024-08-15T22:34:31.867262+00:00", "cancellationTime":
        null, "quantumComputingData": {"count": 1}, "errorData": null, "isCancelling":
        false, "tags": [], "name": "Qiskit Sample - 3-qubit GHZ circuit", "id": "00000000-0000-0000-0000-000000000001",
        "providerId": "quantinuum", "target": "quantinuum.sim.h1-1e", "creationTime":
        "2024-08-15T22:34:17.1996214+00:00", "endExecutionTime": "2024-08-15T22:34:32.184673+00:00",
        "costEstimate": {"currencyCode": "USD", "events": [{"dimensionId": "ehqc",
        "dimensionName": "EHQC", "measureUnit": "hqc", "amountBilled": 5.12, "amountConsumed":
        5.12, "unitPrice": 0.0}], "estimatedTotal": 0.0}, "itemType": "Job"}'
    headers:
      connection:
      - keep-alive
      content-length:
      - '1321'
      content-type:
      - application/json; charset=utf-8
      transfer-encoding:
      - chunked
    status:
      code: 200
      message: OK
version: 1
